core_cm4.h:1535:22:NVIC_SetPriority	16	static
core_cm4.h:1662:26:SysTick_Config	16	static
main.c:126:5:main	8	static
main.c:159:6:PantallaStanBy	24	static
main.c:175:6:InicializarPinesSalida	16	static
main.c:189:6:inicializaSensores	16	static
main.c:210:6:sensar	8	static
main.c:250:6:InicializarPines	16	static
main.c:277:6:Delay	16	static
main.c:284:6:TimingDelay_Decrement	4	static
main.c:292:6:HumedadTierra	8	static
main.c:314:6:MenudeOpciones	96	static
main.c:542:6:HorariosLuces	48	static
main.c:635:6:EXTILine7_Config	24	static
main.c:670:6:EXTILine8_Config	24	static
main.c:705:6:EXTI9_5_IRQHandler	8	static
main.c:767:6:InicializarHora	32	static
main.c:855:6:escribirSD	24	static
main.c:895:6:TM_RTC_RequestHandler	8	static
