tm_stm32f4_rtc.c:57:10:TM_RTC_Init	40	static
tm_stm32f4_rtc.c:146:17:TM_RTC_SetDateTime	40	static
tm_stm32f4_rtc.c:224:17:TM_RTC_SetDateTimeString	40	static
tm_stm32f4_rtc.c:288:6:TM_RTC_GetDateTime	24	static
tm_stm32f4_rtc.c:324:9:TM_RTC_GetDaysInMonth	16	static
tm_stm32f4_rtc.c:338:10:TM_RTC_GetDaysInYear	16	static
tm_stm32f4_rtc.c:343:6:TM_RTC_Config	16	static
tm_stm32f4_rtc.c:380:6:TM_RTC_Interrupts	24	static
tm_stm32f4_rtc.c:452:10:TM_RTC_GetUnixTimeStamp	32	static
tm_stm32f4_rtc.c:479:6:TM_RTC_GetDateTimeFromUnix	24	static
tm_stm32f4_rtc.c:541:6:TM_RTC_SetAlarm	32	static
tm_stm32f4_rtc.c:613:6:TM_RTC_DisableAlarm	16	static
tm_stm32f4_rtc.c:661:6:TM_RTC_WriteBackupRegister	16	static
tm_stm32f4_rtc.c:671:10:TM_RTC_ReadBackupRegister	16	static
tm_stm32f4_rtc.c:686:6:TM_RTC_AlarmAHandler	4	static
tm_stm32f4_rtc.c:690:6:TM_RTC_AlarmBHandler	4	static
tm_stm32f4_rtc.c:695:6:RTC_WKUP_IRQHandler	8	static
tm_stm32f4_rtc.c:709:6:RTC_Alarm_IRQHandler	8	static
