rtc.c:48:10:TM_RTC_Init	40	static
rtc.c:137:17:TM_RTC_SetDateTime	40	static
rtc.c:215:17:TM_RTC_SetDateTimeString	40	static
rtc.c:279:6:TM_RTC_GetDateTime	24	static
rtc.c:315:9:TM_RTC_GetDaysInMonth	16	static
rtc.c:329:10:TM_RTC_GetDaysInYear	16	static
rtc.c:334:6:TM_RTC_Config	16	static
rtc.c:371:6:TM_RTC_Interrupts	24	static
rtc.c:443:10:TM_RTC_GetUnixTimeStamp	32	static
rtc.c:470:6:TM_RTC_GetDateTimeFromUnix	24	static
rtc.c:532:6:TM_RTC_SetAlarm	32	static
rtc.c:604:6:TM_RTC_DisableAlarm	16	static
rtc.c:652:6:TM_RTC_WriteBackupRegister	16	static
rtc.c:662:10:TM_RTC_ReadBackupRegister	16	static
rtc.c:673:6:TM_RTC_RequestHandler	4	static
rtc.c:689:6:TM_RTC_AlarmAHandler	8	static
rtc.c:704:6:RTC_WKUP_IRQHandler	8	static
rtc.c:718:6:RTC_Alarm_IRQHandler	8	static
