Archive member included to satisfy reference by file (symbol)

c:/program files (x86)/atollic/truestudio for stm32 9.3.0/armtools/bin/../lib/gcc/arm-atollic-eabi/6.3.1/../../../../arm-atollic-eabi/lib/armv7e-m/fpu\libc.a(lib_a-init.o)
                              src\startup_stm32f40xx.o (__libc_init_array)
c:/program files (x86)/atollic/truestudio for stm32 9.3.0/armtools/bin/../lib/gcc/arm-atollic-eabi/6.3.1/../../../../arm-atollic-eabi/lib/armv7e-m/fpu\libc.a(lib_a-sprintf.o)
                              src\main.o (sprintf)
c:/program files (x86)/atollic/truestudio for stm32 9.3.0/armtools/bin/../lib/gcc/arm-atollic-eabi/6.3.1/../../../../arm-atollic-eabi/lib/armv7e-m/fpu\libc.a(lib_a-svfprintf.o)
                              c:/program files (x86)/atollic/truestudio for stm32 9.3.0/armtools/bin/../lib/gcc/arm-atollic-eabi/6.3.1/../../../../arm-atollic-eabi/lib/armv7e-m/fpu\libc.a(lib_a-sprintf.o) (_svfprintf_r)
c:/program files (x86)/atollic/truestudio for stm32 9.3.0/armtools/bin/../lib/gcc/arm-atollic-eabi/6.3.1/../../../../arm-atollic-eabi/lib/armv7e-m/fpu\libc.a(lib_a-dtoa.o)
                              c:/program files (x86)/atollic/truestudio for stm32 9.3.0/armtools/bin/../lib/gcc/arm-atollic-eabi/6.3.1/../../../../arm-atollic-eabi/lib/armv7e-m/fpu\libc.a(lib_a-svfprintf.o) (_dtoa_r)
c:/program files (x86)/atollic/truestudio for stm32 9.3.0/armtools/bin/../lib/gcc/arm-atollic-eabi/6.3.1/../../../../arm-atollic-eabi/lib/armv7e-m/fpu\libc.a(lib_a-impure.o)
                              c:/program files (x86)/atollic/truestudio for stm32 9.3.0/armtools/bin/../lib/gcc/arm-atollic-eabi/6.3.1/../../../../arm-atollic-eabi/lib/armv7e-m/fpu\libc.a(lib_a-sprintf.o) (_impure_ptr)
c:/program files (x86)/atollic/truestudio for stm32 9.3.0/armtools/bin/../lib/gcc/arm-atollic-eabi/6.3.1/../../../../arm-atollic-eabi/lib/armv7e-m/fpu\libc.a(lib_a-localeconv.o)
                              c:/program files (x86)/atollic/truestudio for stm32 9.3.0/armtools/bin/../lib/gcc/arm-atollic-eabi/6.3.1/../../../../arm-atollic-eabi/lib/armv7e-m/fpu\libc.a(lib_a-svfprintf.o) (_localeconv_r)
c:/program files (x86)/atollic/truestudio for stm32 9.3.0/armtools/bin/../lib/gcc/arm-atollic-eabi/6.3.1/../../../../arm-atollic-eabi/lib/armv7e-m/fpu\libc.a(lib_a-malloc.o)
                              c:/program files (x86)/atollic/truestudio for stm32 9.3.0/armtools/bin/../lib/gcc/arm-atollic-eabi/6.3.1/../../../../arm-atollic-eabi/lib/armv7e-m/fpu\libc.a(lib_a-dtoa.o) (malloc)
c:/program files (x86)/atollic/truestudio for stm32 9.3.0/armtools/bin/../lib/gcc/arm-atollic-eabi/6.3.1/../../../../arm-atollic-eabi/lib/armv7e-m/fpu\libc.a(lib_a-mallocr.o)
                              c:/program files (x86)/atollic/truestudio for stm32 9.3.0/armtools/bin/../lib/gcc/arm-atollic-eabi/6.3.1/../../../../arm-atollic-eabi/lib/armv7e-m/fpu\libc.a(lib_a-svfprintf.o) (_malloc_r)
c:/program files (x86)/atollic/truestudio for stm32 9.3.0/armtools/bin/../lib/gcc/arm-atollic-eabi/6.3.1/../../../../arm-atollic-eabi/lib/armv7e-m/fpu\libc.a(lib_a-memchr.o)
                              c:/program files (x86)/atollic/truestudio for stm32 9.3.0/armtools/bin/../lib/gcc/arm-atollic-eabi/6.3.1/../../../../arm-atollic-eabi/lib/armv7e-m/fpu\libc.a(lib_a-svfprintf.o) (memchr)
c:/program files (x86)/atollic/truestudio for stm32 9.3.0/armtools/bin/../lib/gcc/arm-atollic-eabi/6.3.1/../../../../arm-atollic-eabi/lib/armv7e-m/fpu\libc.a(lib_a-memcpy-stub.o)
                              c:/program files (x86)/atollic/truestudio for stm32 9.3.0/armtools/bin/../lib/gcc/arm-atollic-eabi/6.3.1/../../../../arm-atollic-eabi/lib/armv7e-m/fpu\libc.a(lib_a-dtoa.o) (memcpy)
c:/program files (x86)/atollic/truestudio for stm32 9.3.0/armtools/bin/../lib/gcc/arm-atollic-eabi/6.3.1/../../../../arm-atollic-eabi/lib/armv7e-m/fpu\libc.a(lib_a-mlock.o)
                              c:/program files (x86)/atollic/truestudio for stm32 9.3.0/armtools/bin/../lib/gcc/arm-atollic-eabi/6.3.1/../../../../arm-atollic-eabi/lib/armv7e-m/fpu\libc.a(lib_a-mallocr.o) (__malloc_lock)
c:/program files (x86)/atollic/truestudio for stm32 9.3.0/armtools/bin/../lib/gcc/arm-atollic-eabi/6.3.1/../../../../arm-atollic-eabi/lib/armv7e-m/fpu\libc.a(lib_a-mprec.o)
                              c:/program files (x86)/atollic/truestudio for stm32 9.3.0/armtools/bin/../lib/gcc/arm-atollic-eabi/6.3.1/../../../../arm-atollic-eabi/lib/armv7e-m/fpu\libc.a(lib_a-dtoa.o) (_Balloc)
c:/program files (x86)/atollic/truestudio for stm32 9.3.0/armtools/bin/../lib/gcc/arm-atollic-eabi/6.3.1/../../../../arm-atollic-eabi/lib/armv7e-m/fpu\libc.a(lib_a-sbrkr.o)
                              c:/program files (x86)/atollic/truestudio for stm32 9.3.0/armtools/bin/../lib/gcc/arm-atollic-eabi/6.3.1/../../../../arm-atollic-eabi/lib/armv7e-m/fpu\libc.a(lib_a-mallocr.o) (_sbrk_r)
[...]
Memory Configuration

Name             Origin             Length             Attributes
FLASH            0x08000000         0x00100000         xr
RAM              0x20000000         0x00020000         xrw
MEMORY_B1        0x60000000         0x00000000         xr
CCMRAM           0x10000000         0x00010000         rw
*default*        0x00000000         0xffffffff

Linker script and memory map

LOAD c:/program files (x86)/atollic/truestudio for stm32 9.3.0/armtools/bin/../lib/gcc/arm-atollic-eabi/6.3.1/armv7e-m/fpu/crti.o
LOAD c:/program files (x86)/atollic/truestudio for stm32 9.3.0/armtools/bin/../lib/gcc/arm-atollic-eabi/6.3.1/armv7e-m/fpu/crtbegin.o
LOAD Libraries\STM32F4xx_StdPeriph_Driver\src\misc.o
LOAD Libraries\STM32F4xx_StdPeriph_Driver\src\stm32f4xx_adc.o
LOAD Libraries\STM32F4xx_StdPeriph_Driver\src\stm32f4xx_can.o
LOAD Libraries\STM32F4xx_StdPeriph_Driver\src\stm32f4xx_crc.o
LOAD Libraries\STM32F4xx_StdPeriph_Driver\src\stm32f4xx_cryp.o
LOAD Libraries\STM32F4xx_StdPeriph_Driver\src\stm32f4xx_cryp_aes.o
LOAD Libraries\STM32F4xx_StdPeriph_Driver\src\stm32f4xx_cryp_des.o
LOAD Libraries\STM32F4xx_StdPeriph_Driver\src\stm32f4xx_cryp_tdes.o
LOAD Libraries\STM32F4xx_StdPeriph_Driver\src\stm32f4xx_dac.o
LOAD Libraries\STM32F4xx_StdPeriph_Driver\src\stm32f4xx_dbgmcu.o
LOAD Libraries\STM32F4xx_StdPeriph_Driver\src\stm32f4xx_dcmi.o
LOAD Libraries\STM32F4xx_StdPeriph_Driver\src\stm32f4xx_dma.o
LOAD Libraries\STM32F4xx_StdPeriph_Driver\src\stm32f4xx_exti.o
LOAD Libraries\STM32F4xx_StdPeriph_Driver\src\stm32f4xx_flash.o
LOAD Libraries\STM32F4xx_StdPeriph_Driver\src\stm32f4xx_fsmc.o
LOAD Libraries\STM32F4xx_StdPeriph_Driver\src\stm32f4xx_gpio.o
LOAD Libraries\STM32F4xx_StdPeriph_Driver\src\stm32f4xx_hash.o
LOAD Libraries\STM32F4xx_StdPeriph_Driver\src\stm32f4xx_hash_md5.o
LOAD Libraries\STM32F4xx_StdPeriph_Driver\src\stm32f4xx_hash_sha1.o
LOAD Libraries\STM32F4xx_StdPeriph_Driver\src\stm32f4xx_i2c.o
LOAD Libraries\STM32F4xx_StdPeriph_Driver\src\stm32f4xx_iwdg.o
LOAD Libraries\STM32F4xx_StdPeriph_Driver\src\stm32f4xx_pwr.o
LOAD Libraries\STM32F4xx_StdPeriph_Driver\src\stm32f4xx_rcc.o
LOAD Libraries\STM32F4xx_StdPeriph_Driver\src\stm32f4xx_rng.o
LOAD Libraries\STM32F4xx_StdPeriph_Driver\src\stm32f4xx_rtc.o
LOAD Libraries\STM32F4xx_StdPeriph_Driver\src\stm32f4xx_sdio.o
LOAD Libraries\STM32F4xx_StdPeriph_Driver\src\stm32f4xx_spi.o
LOAD Libraries\STM32F4xx_StdPeriph_Driver\src\stm32f4xx_syscfg.o
LOAD Libraries\STM32F4xx_StdPeriph_Driver\src\stm32f4xx_tim.o
LOAD Libraries\STM32F4xx_StdPeriph_Driver\src\stm32f4xx_usart.o
LOAD Libraries\STM32F4xx_StdPeriph_Driver\src\stm32f4xx_wwdg.o
LOAD src\diskio.o
LOAD src\ff.o
LOAD src\main.o
LOAD src\startup_stm32f40xx.o
LOAD src\stm32_ub_atadrive.o
LOAD src\stm32_ub_fatfs.o
LOAD src\stm32_ub_lcd_4x20.o
LOAD src\stm32_ub_led.o
LOAD src\stm32_ub_sdcard.o
LOAD src\stm32_ub_spi2.o
LOAD src\stm32_ub_usbdisk.o
LOAD src\stm32f4xx_it.o
LOAD src\system_stm32f4xx.o
                0x00000080                malloc_getpagesize_P = 0x80
START GROUP
LOAD c:/program files (x86)/atollic/truestudio for stm32 9.3.0/armtools/bin/../lib/gcc/arm-atollic-eabi/6.3.1/../../../../arm-atollic-eabi/lib/armv7e-m/fpu\libc.a
LOAD c:/program files (x86)/atollic/truestudio for stm32 9.3.0/armtools/bin/../lib/gcc/arm-atollic-eabi/6.3.1/../../../../arm-atollic-eabi/lib/armv7e-m/fpu\libm.a
END GROUP
START GROUP
LOAD c:/program files (x86)/atollic/truestudio for stm32 9.3.0/armtools/bin/../lib/gcc/arm-atollic-eabi/6.3.1/armv7e-m/fpu\libgcc.a
LOAD c:/program files (x86)/atollic/truestudio for stm32 9.3.0/armtools/bin/../lib/gcc/arm-atollic-eabi/6.3.1/../../../../arm-atollic-eabi/lib/armv7e-m/fpu\libc.a
END GROUP
START GROUP
LOAD c:/program files (x86)/atollic/truestudio for stm32 9.3.0/armtools/bin/../lib/gcc/arm-atollic-eabi/6.3.1/armv7e-m/fpu\libgcc.a
LOAD c:/program files (x86)/atollic/truestudio for stm32 9.3.0/armtools/bin/../lib/gcc/arm-atollic-eabi/6.3.1/../../../../arm-atollic-eabi/lib/armv7e-m/fpu\libc.a
LOAD c:/program files (x86)/atollic/truestudio for stm32 9.3.0/armtools/bin/../lib/gcc/arm-atollic-eabi/6.3.1/../../../../arm-atollic-eabi/lib/armv7e-m/fpu\libnosys.a
END GROUP
LOAD c:/program files (x86)/atollic/truestudio for stm32 9.3.0/armtools/bin/../lib/gcc/arm-atollic-eabi/6.3.1/armv7e-m/fpu/crtend.o
LOAD c:/program files (x86)/atollic/truestudio for stm32 9.3.0/armtools/bin/../lib/gcc/arm-atollic-eabi/6.3.1/armv7e-m/fpu/crtn.o
                0x20020000                _estack = 0x20020000
                0x00000000                _Min_Heap_Size = 0x0
                0x00000400                _Min_Stack_Size = 0x400

.isr_vector     0x08000000      0x188
                0x08000000                . = ALIGN (0x4)
 *(.isr_vector)
 .isr_vector    0x08000000      0x188 src\startup_stm32f40xx.o
                0x08000000                g_pfnVectors
                0x08000188                . = ALIGN (0x4)

.text           0x08000190     0x8064
                0x08000190                . = ALIGN (0x4)
 *(.text)
 .text          0x08000190       0x40 c:/program files (x86)/atollic/truestudio for stm32 9.3.0/armtools/bin/../lib/gcc/arm-atollic-eabi/6.3.1/armv7e-m/fpu/crtbegin.o
 .text          0x080001d0       0xa0 c:/program files (x86)/atollic/truestudio for stm32 9.3.0/armtools/bin/../lib/gcc/arm-atollic-eabi/6.3.1/../../../../arm-atollic-eabi/lib/armv7e-m/fpu\libc.a(lib_a-memchr.o)
                0x080001d0                memchr
 .text          0x08000270       0x10 c:/program files (x86)/atollic/truestudio for stm32 9.3.0/armtools/bin/../lib/gcc/arm-atollic-eabi/6.3.1/../../../../arm-atollic-eabi/lib/armv7e-m/fpu\libc.a(lib_a-strlen.o)
                0x08000270                strlen
 .text          0x08000280      0x370 c:/program files (x86)/atollic/truestudio for stm32 9.3.0/armtools/bin/../lib/gcc/arm-atollic-eabi/6.3.1/armv7e-m/fpu\libgcc.a(_arm_addsubdf3.o)
                0x08000280                __aeabi_drsub
                0x08000288                __aeabi_dsub
                0x08000288                __subdf3
                0x0800028c                __aeabi_dadd
                0x0800028c                __adddf3
                0x08000504                __floatunsidf
                0x08000504                __aeabi_ui2d
                0x08000524                __floatsidf
                0x08000524                __aeabi_i2d
                0x08000548                __aeabi_f2d
                0x08000548                __extendsfdf2
                0x08000584                __floatundidf
                0x08000584                __aeabi_ul2d
                0x08000594                __floatdidf
                0x08000594                __aeabi_l2d
 .text          0x080005f0      0x424 c:/program files (x86)/atollic/truestudio for stm32 9.3.0/armtools/bin/../lib/gcc/arm-atollic-eabi/6.3.1/armv7e-m/fpu\libgcc.a(_arm_muldivdf3.o)
                0x080005f0                __aeabi_dmul
                0x080005f0                __muldf3
                0x08000844                __divdf3
                0x08000844                __aeabi_ddiv
 .text          0x08000a14      0x110 c:/program files (x86)/atollic/truestudio for stm32 9.3.0/armtools/bin/../lib/gcc/arm-atollic-eabi/6.3.1/armv7e-m/fpu\libgcc.a(_arm_cmpdf2.o)
                0x08000a14                __gtdf2
                0x08000a14                __gedf2
                0x08000a1c                __ltdf2
                0x08000a1c                __ledf2
                0x08000a24                __nedf2
                0x08000a24                __eqdf2
                0x08000a24                __cmpdf2
                0x08000aa0                __aeabi_cdrcmple
                0x08000ab0                __aeabi_cdcmpeq
                0x08000ab0                __aeabi_cdcmple
                0x08000ac0                __aeabi_dcmpeq
                0x08000ad4                __aeabi_dcmplt
                0x08000ae8                __aeabi_dcmple
                0x08000afc                __aeabi_dcmpge
                0x08000b10                __aeabi_dcmpgt
 .text          0x08000b24       0x2c c:/program files (x86)/atollic/truestudio for stm32 9.3.0/armtools/bin/../lib/gcc/arm-atollic-eabi/6.3.1/armv7e-m/fpu\libgcc.a(_arm_unorddf2.o)
                0x08000b24                __unorddf2
                0x08000b24                __aeabi_dcmpun
 .text          0x08000b50       0x50 c:/program files (x86)/atollic/truestudio for stm32 9.3.0/armtools/bin/../lib/gcc/arm-atollic-eabi/6.3.1/armv7e-m/fpu\libgcc.a(_arm_fixdfsi.o)
                0x08000b50                __aeabi_d2iz
                0x08000b50                __fixdfsi
 .text          0x08000ba0       0x30 c:/program files (x86)/atollic/truestudio for stm32 9.3.0/armtools/bin/../lib/gcc/arm-atollic-eabi/6.3.1/armv7e-m/fpu\libgcc.a(_aeabi_uldivmod.o)
                0x08000ba0                __aeabi_uldivmod
 .text          0x08000bd0      0x2dc c:/program files (x86)/atollic/truestudio for stm32 9.3.0/armtools/bin/../lib/gcc/arm-atollic-eabi/6.3.1/armv7e-m/fpu\libgcc.a(_udivmoddi4.o)
                0x08000bd0                __udivmoddi4
 .text          0x08000eac        0x4 c:/program files (x86)/atollic/truestudio for stm32 9.3.0/armtools/bin/../lib/gcc/arm-atollic-eabi/6.3.1/armv7e-m/fpu\libgcc.a(_dvmd_tls.o)
                0x08000eac                __aeabi_idiv0
                0x08000eac                __aeabi_ldiv0
 *(.text*)
 .text.NVIC_Init
                0x08000eb0       0xc4 Libraries\STM32F4xx_StdPeriph_Driver\src\misc.o
                0x08000eb0                NVIC_Init
 .text.GPIO_Init
                0x08000f74      0x11c Libraries\STM32F4xx_StdPeriph_Driver\src\stm32f4xx_gpio.o
                0x08000f74                GPIO_Init
 .text.GPIO_PinAFConfig
                0x08001090       0x92 Libraries\STM32F4xx_StdPeriph_Driver\src\stm32f4xx_gpio.o
                0x08001090                GPIO_PinAFConfig
 *fill*         0x08001122        0x2 
 .text.RCC_AHB1PeriphClockCmd
                0x08001124       0x40 Libraries\STM32F4xx_StdPeriph_Driver\src\stm32f4xx_rcc.o
                0x08001124                RCC_AHB1PeriphClockCmd
 .text.RCC_APB1PeriphClockCmd
                0x08001164       0x40 Libraries\STM32F4xx_StdPeriph_Driver\src\stm32f4xx_rcc.o
                0x08001164                RCC_APB1PeriphClockCmd
 .text.SPI_Init
                0x080011a4       0x88 Libraries\STM32F4xx_StdPeriph_Driver\src\stm32f4xx_spi.o
                0x080011a4                SPI_Init
 .text.SPI_Cmd  0x0800122c       0x40 Libraries\STM32F4xx_StdPeriph_Driver\src\stm32f4xx_spi.o
                0x0800122c                SPI_Cmd
 .text.SPI_I2S_ReceiveData
                0x0800126c       0x1a Libraries\STM32F4xx_StdPeriph_Driver\src\stm32f4xx_spi.o
                0x0800126c                SPI_I2S_ReceiveData
 .text.SPI_I2S_SendData
                0x08001286       0x1e Libraries\STM32F4xx_StdPeriph_Driver\src\stm32f4xx_spi.o
                0x08001286                SPI_I2S_SendData
 .text.SPI_I2S_GetFlagStatus
                0x080012a4       0x38 Libraries\STM32F4xx_StdPeriph_Driver\src\stm32f4xx_spi.o
                0x080012a4                SPI_I2S_GetFlagStatus
 .text.TIM_TimeBaseInit
                0x080012dc       0xd8 Libraries\STM32F4xx_StdPeriph_Driver\src\stm32f4xx_tim.o
                0x080012dc                TIM_TimeBaseInit
 .text.TIM_ARRPreloadConfig
                0x080013b4       0x40 Libraries\STM32F4xx_StdPeriph_Driver\src\stm32f4xx_tim.o
                0x080013b4                TIM_ARRPreloadConfig
 .text.TIM_Cmd  0x080013f4       0x40 Libraries\STM32F4xx_StdPeriph_Driver\src\stm32f4xx_tim.o
                0x080013f4                TIM_Cmd
 .text.TIM_ITConfig
                0x08001434       0x48 Libraries\STM32F4xx_StdPeriph_Driver\src\stm32f4xx_tim.o
                0x08001434                TIM_ITConfig
 .text.TIM_ClearITPendingBit
                0x0800147c       0x22 Libraries\STM32F4xx_StdPeriph_Driver\src\stm32f4xx_tim.o
                0x0800147c                TIM_ClearITPendingBit
 .text.disk_status
                0x0800149e       0x64 src\diskio.o
                0x0800149e                disk_status
 .text.disk_initialize
                0x08001502       0x64 src\diskio.o
                0x08001502                disk_initialize
 .text.disk_read
                0x08001566       0x84 src\diskio.o
                0x08001566                disk_read
 .text.disk_write
                0x080015ea       0x84 src\diskio.o
                0x080015ea                disk_write
 *fill*         0x0800166e        0x2 
 .text.get_fattime
                0x08001670       0x14 src\diskio.o
                0x08001670                get_fattime
 .text.disk_ioctl
                0x08001684       0x7c src\diskio.o
                0x08001684                disk_ioctl
 .text.mem_cpy  0x08001700       0x3c src\ff.o
 .text.mem_set  0x0800173c       0x34 src\ff.o
 .text.mem_cmp  0x08001770       0x4e src\ff.o
 .text.chk_chr  0x080017be       0x36 src\ff.o
 .text.sync_window
                0x080017f4       0x88 src\ff.o
 .text.move_window
                0x0800187c       0x5a src\ff.o
 .text.sync_fs  0x080018d6      0x144 src\ff.o
 .text.clust2sect
                0x08001a1a       0x3e src\ff.o
                0x08001a1a                clust2sect
 .text.get_fat  0x08001a58      0x16e src\ff.o
                0x08001a58                get_fat
 .text.put_fat  0x08001bc6      0x20a src\ff.o
                0x08001bc6                put_fat
 .text.remove_chain
                0x08001dd0       0xa6 src\ff.o
 .text.create_chain
                0x08001e76      0x126 src\ff.o
 .text.dir_sdi  0x08001f9c       0xfe src\ff.o
 .text.dir_next
                0x0800209a      0x1a6 src\ff.o
 .text.dir_alloc
                0x08002240       0x8c src\ff.o
 .text.ld_clust
                0x080022cc       0x5a src\ff.o
 .text.st_clust
                0x08002326       0x4e src\ff.o
 .text.dir_find
                0x08002374       0x96 src\ff.o
 .text.dir_register
                0x0800240a       0x64 src\ff.o
 *fill*         0x0800246e        0x2 
 .text.create_name
                0x08002470      0x180 src\ff.o
 .text.follow_path
                0x080025f0       0xd0 src\ff.o
 .text.get_ldnumber
                0x080026c0       0x88 src\ff.o
 .text.check_fs
                0x08002748       0xd0 src\ff.o
 .text.find_volume
                0x08002818      0x560 src\ff.o
 .text.validate
                0x08002d78       0x5a src\ff.o
 *fill*         0x08002dd2        0x2 
 .text.f_mount  0x08002dd4       0x88 src\ff.o
                0x08002dd4                f_mount
 .text.f_open   0x08002e5c      0x280 src\ff.o
                0x08002e5c                f_open
 .text.f_write  0x080030dc      0x2d8 src\ff.o
                0x080030dc                f_write
 .text.f_sync   0x080033b4      0x150 src\ff.o
                0x080033b4                f_sync
 .text.f_close  0x08003504       0x38 src\ff.o
                0x08003504                f_close
 .text.f_lseek  0x0800353c      0x266 src\ff.o
                0x0800353c                f_lseek
 .text.f_getfree
                0x080037a2      0x188 src\ff.o
                0x080037a2                f_getfree
 .text.putc_bfd
                0x0800392a       0x7a src\ff.o
 .text.f_puts   0x080039a4       0x74 src\ff.o
                0x080039a4                f_puts
 .text.main     0x08003a18       0x1a src\main.o
                0x08003a18                main
 *fill*         0x08003a32        0x2 
 .text.escribirSD
                0x08003a34       0xec src\main.o
                0x08003a34                escribirSD
 .text.Reset_Handler
                0x08003b20       0x50 src\startup_stm32f40xx.o
                0x08003b20                Reset_Handler
 .text.Default_Handler
                0x08003b70        0x2 src\startup_stm32f40xx.o
                0x08003b70                RTC_Alarm_IRQHandler
                0x08003b70                HASH_RNG_IRQHandler
                0x08003b70                EXTI2_IRQHandler
                0x08003b70                TIM8_CC_IRQHandler
                0x08003b70                TIM1_CC_IRQHandler
                0x08003b70                DMA2_Stream5_IRQHandler
                0x08003b70                DMA1_Stream5_IRQHandler
                0x08003b70                PVD_IRQHandler
                0x08003b70                SDIO_IRQHandler
                0x08003b70                TAMP_STAMP_IRQHandler
                0x08003b70                CAN2_RX1_IRQHandler
                0x08003b70                EXTI3_IRQHandler
                0x08003b70                TIM8_TRG_COM_TIM14_IRQHandler
                0x08003b70                TIM1_UP_TIM10_IRQHandler
                0x08003b70                TIM8_UP_TIM13_IRQHandler
                0x08003b70                I2C3_ER_IRQHandler
                0x08003b70                EXTI0_IRQHandler
                0x08003b70                I2C2_EV_IRQHandler
                0x08003b70                DMA1_Stream2_IRQHandler
                0x08003b70                CAN1_RX0_IRQHandler
                0x08003b70                FPU_IRQHandler
                0x08003b70                OTG_HS_WKUP_IRQHandler
                0x08003b70                CAN2_SCE_IRQHandler
                0x08003b70                DMA2_Stream2_IRQHandler
                0x08003b70                SPI1_IRQHandler
                0x08003b70                TIM1_BRK_TIM9_IRQHandler
                0x08003b70                DCMI_IRQHandler
                0x08003b70                CAN2_RX0_IRQHandler
                0x08003b70                DMA2_Stream3_IRQHandler
                0x08003b70                USART6_IRQHandler
                0x08003b70                USART3_IRQHandler
                0x08003b70                CRYP_IRQHandler
                0x08003b70                CAN1_RX1_IRQHandler
                0x08003b70                UART5_IRQHandler
                0x08003b70                DMA2_Stream0_IRQHandler
                0x08003b70                TIM4_IRQHandler
                0x08003b70                I2C1_EV_IRQHandler
                0x08003b70                DMA1_Stream6_IRQHandler
                0x08003b70                DMA1_Stream1_IRQHandler
                0x08003b70                UART4_IRQHandler
                0x08003b70                TIM3_IRQHandler
                0x08003b70                RCC_IRQHandler
                0x08003b70                TIM8_BRK_TIM12_IRQHandler
                0x08003b70                Default_Handler
                0x08003b70                EXTI15_10_IRQHandler
                0x08003b70                ADC_IRQHandler
                0x08003b70                DMA1_Stream7_IRQHandler
                0x08003b70                TIM7_IRQHandler
                0x08003b70                CAN2_TX_IRQHandler
                0x08003b70                TIM5_IRQHandler
                0x08003b70                DMA2_Stream7_IRQHandler
                0x08003b70                I2C3_EV_IRQHandler
                0x08003b70                EXTI9_5_IRQHandler
                0x08003b70                RTC_WKUP_IRQHandler
                0x08003b70                ETH_WKUP_IRQHandler
                0x08003b70                SPI2_IRQHandler
                0x08003b70                OTG_HS_EP1_IN_IRQHandler
                0x08003b70                DMA1_Stream0_IRQHandler
                0x08003b70                CAN1_TX_IRQHandler
                0x08003b70                EXTI4_IRQHandler
                0x08003b70                FSMC_IRQHandler
                0x08003b70                ETH_IRQHandler
                0x08003b70                OTG_HS_EP1_OUT_IRQHandler
                0x08003b70                WWDG_IRQHandler
                0x08003b70                TIM2_IRQHandler
                0x08003b70                OTG_FS_WKUP_IRQHandler
                0x08003b70                TIM1_TRG_COM_TIM11_IRQHandler
                0x08003b70                OTG_HS_IRQHandler
                0x08003b70                EXTI1_IRQHandler
                0x08003b70                USART2_IRQHandler
                0x08003b70                I2C2_ER_IRQHandler
                0x08003b70                DMA2_Stream1_IRQHandler
                0x08003b70                CAN1_SCE_IRQHandler
                0x08003b70                FLASH_IRQHandler
                0x08003b70                DMA2_Stream4_IRQHandler
                0x08003b70                USART1_IRQHandler
                0x08003b70                OTG_FS_IRQHandler
                0x08003b70                SPI3_IRQHandler
                0x08003b70                DMA1_Stream4_IRQHandler
                0x08003b70                I2C1_ER_IRQHandler
                0x08003b70                DMA2_Stream6_IRQHandler
                0x08003b70                DMA1_Stream3_IRQHandler
 .text.UB_ATADrive_Init
                0x08003b72        0xe src\stm32_ub_atadrive.o
                0x08003b72                UB_ATADrive_Init
 .text.ATA_disk_initialize
                0x08003b80       0x1a src\stm32_ub_atadrive.o
                0x08003b80                ATA_disk_initialize
 .text.ATA_disk_status
                0x08003b9a       0x1a src\stm32_ub_atadrive.o
                0x08003b9a                ATA_disk_status
 .text.ATA_disk_read
                0x08003bb4       0x22 src\stm32_ub_atadrive.o
                0x08003bb4                ATA_disk_read
 .text.ATA_disk_write
                0x08003bd6       0x22 src\stm32_ub_atadrive.o
                0x08003bd6                ATA_disk_write
 .text.ATA_disk_ioctl
                0x08003bf8       0x20 src\stm32_ub_atadrive.o
                0x08003bf8                ATA_disk_ioctl
 .text.UB_Fatfs_Init
                0x08003c18       0x14 src\stm32_ub_fatfs.o
                0x08003c18                UB_Fatfs_Init
 .text.UB_Fatfs_CheckMedia
                0x08003c2c       0x3a src\stm32_ub_fatfs.o
                0x08003c2c                UB_Fatfs_CheckMedia
 *fill*         0x08003c66        0x2 
 .text.UB_Fatfs_Mount
                0x08003c68       0x74 src\stm32_ub_fatfs.o
                0x08003c68                UB_Fatfs_Mount
 .text.UB_Fatfs_UnMount
                0x08003cdc       0x44 src\stm32_ub_fatfs.o
                0x08003cdc                UB_Fatfs_UnMount
 .text.UB_Fatfs_OpenFile
                0x08003d20       0xa6 src\stm32_ub_fatfs.o
                0x08003d20                UB_Fatfs_OpenFile
 .text.UB_Fatfs_CloseFile
                0x08003dc6       0x34 src\stm32_ub_fatfs.o
                0x08003dc6                UB_Fatfs_CloseFile
 .text.UB_Fatfs_WriteString
                0x08003dfa       0x36 src\stm32_ub_fatfs.o
                0x08003dfa                UB_Fatfs_WriteString
 .text.UB_LCD_4x20_Init
                0x08003e30       0x3c src\stm32_ub_lcd_4x20.o
                0x08003e30                UB_LCD_4x20_Init
 .text.UB_LCD_4x20_String
                0x08003e6c       0x3e src\stm32_ub_lcd_4x20.o
                0x08003e6c                UB_LCD_4x20_String
 *fill*         0x08003eaa        0x2 
 .text.P_LCD_4x20_InitIO
                0x08003eac       0xa8 src\stm32_ub_lcd_4x20.o
                0x08003eac                P_LCD_4x20_InitIO
 .text.P_LCD_4x20_PinLo
                0x08003f54       0x40 src\stm32_ub_lcd_4x20.o
                0x08003f54                P_LCD_4x20_PinLo
 .text.P_LCD_4x20_PinHi
                0x08003f94       0x40 src\stm32_ub_lcd_4x20.o
                0x08003f94                P_LCD_4x20_PinHi
 .text.P_LCD_4x20_Clk
                0x08003fd4       0x24 src\stm32_ub_lcd_4x20.o
                0x08003fd4                P_LCD_4x20_Clk
 .text.P_LCD_4x20_InitSequenz
                0x08003ff8       0x68 src\stm32_ub_lcd_4x20.o
                0x08003ff8                P_LCD_4x20_InitSequenz
 .text.P_LCD_4x20_Cmd
                0x08004060       0xde src\stm32_ub_lcd_4x20.o
                0x08004060                P_LCD_4x20_Cmd
 .text.P_LCD_4x20_Data
                0x0800413e       0xde src\stm32_ub_lcd_4x20.o
                0x0800413e                P_LCD_4x20_Data
 .text.P_LCD_4x20_Cursor
                0x0800421c       0x7a src\stm32_ub_lcd_4x20.o
                0x0800421c                P_LCD_4x20_Cursor
 .text.P_LCD_4x20_Delay
                0x08004296       0x20 src\stm32_ub_lcd_4x20.o
                0x08004296                P_LCD_4x20_Delay
 *fill*         0x080042b6        0x2 
 .text.UB_Led_Init
                0x080042b8       0xa8 src\stm32_ub_led.o
                0x080042b8                UB_Led_Init
 .text.UB_Led_Off
                0x08004360       0x40 src\stm32_ub_led.o
                0x08004360                UB_Led_Off
 .text.UB_Led_On
                0x080043a0       0x40 src\stm32_ub_led.o
                0x080043a0                UB_Led_On
 .text.UB_SDCard_Init
                0x080043e0       0x30 src\stm32_ub_sdcard.o
                0x080043e0                UB_SDCard_Init
 .text.UB_SDCard_CheckMedia
                0x08004410       0x1c src\stm32_ub_sdcard.o
                0x08004410                UB_SDCard_CheckMedia
 .text.MMC_disk_initialize
                0x0800442c      0x1b0 src\stm32_ub_sdcard.o
                0x0800442c                MMC_disk_initialize
 .text.MMC_disk_status
                0x080045dc       0x18 src\stm32_ub_sdcard.o
                0x080045dc                MMC_disk_status
 .text.MMC_disk_read
                0x080045f4       0xc4 src\stm32_ub_sdcard.o
                0x080045f4                MMC_disk_read
 .text.MMC_disk_write
                0x080046b8       0xf0 src\stm32_ub_sdcard.o
                0x080046b8                MMC_disk_write
 .text.MMC_disk_ioctl
                0x080047a8      0x2d4 src\stm32_ub_sdcard.o
                0x080047a8                MMC_disk_ioctl
 .text.init_gpio
                0x08004a7c       0x3c src\stm32_ub_sdcard.o
                0x08004a7c                init_gpio
 .text.init_tim
                0x08004ab8       0x48 src\stm32_ub_sdcard.o
                0x08004ab8                init_tim
 .text.init_nvic
                0x08004b00       0x34 src\stm32_ub_sdcard.o
                0x08004b00                init_nvic
 .text.init_spi
                0x08004b34       0x38 src\stm32_ub_sdcard.o
                0x08004b34                init_spi
 .text.CS_HIGH  0x08004b6c       0x1c src\stm32_ub_sdcard.o
                0x08004b6c                CS_HIGH
 .text.CS_LOW   0x08004b88       0x1c src\stm32_ub_sdcard.o
                0x08004b88                CS_LOW
 .text.FCLK_SLOW
                0x08004ba4       0x38 src\stm32_ub_sdcard.o
                0x08004ba4                FCLK_SLOW
 .text.FCLK_FAST
                0x08004bdc       0x30 src\stm32_ub_sdcard.o
                0x08004bdc                FCLK_FAST
 .text.SD_Detect
                0x08004c0c       0x18 src\stm32_ub_sdcard.o
                0x08004c0c                SD_Detect
 .text.xchg_spi
                0x08004c24       0x24 src\stm32_ub_sdcard.o
 .text.rcvr_spi_multi
                0x08004c48       0x34 src\stm32_ub_sdcard.o
 .text.xmit_spi_multi
                0x08004c7c       0x32 src\stm32_ub_sdcard.o
 *fill*         0x08004cae        0x2 
 .text.wait_ready
                0x08004cb0       0x40 src\stm32_ub_sdcard.o
 .text.deselect
                0x08004cf0       0x12 src\stm32_ub_sdcard.o
 .text.select   0x08004d02       0x2a src\stm32_ub_sdcard.o
 .text.rcvr_datablock
                0x08004d2c       0x54 src\stm32_ub_sdcard.o
 .text.xmit_datablock
                0x08004d80       0x64 src\stm32_ub_sdcard.o
 .text.send_cmd
                0x08004de4       0xde src\stm32_ub_sdcard.o
 *fill*         0x08004ec2        0x2 
 .text.disk_timerproc
                0x08004ec4       0x7c src\stm32_ub_sdcard.o
                0x08004ec4                disk_timerproc
 .text.TIM6_DAC_IRQHandler
                0x08004f40       0x18 src\stm32_ub_sdcard.o
                0x08004f40                TIM6_DAC_IRQHandler
 .text.UB_SPI2_Init
                0x08004f58      0x188 src\stm32_ub_spi2.o
                0x08004f58                UB_SPI2_Init
 .text.UB_SPI2_SendByte
                0x080050e0       0x54 src\stm32_ub_spi2.o
                0x080050e0                UB_SPI2_SendByte
 .text.UB_USBDisk_Init
                0x08005134        0xe src\stm32_ub_usbdisk.o
                0x08005134                UB_USBDisk_Init
 .text.USB_disk_initialize
                0x08005142       0x1a src\stm32_ub_usbdisk.o
                0x08005142                USB_disk_initialize
 .text.USB_disk_status
                0x0800515c       0x1a src\stm32_ub_usbdisk.o
                0x0800515c                USB_disk_status
 .text.USB_disk_read
                0x08005176       0x22 src\stm32_ub_usbdisk.o
                0x08005176                USB_disk_read
 .text.USB_disk_write
                0x08005198       0x22 src\stm32_ub_usbdisk.o
                0x08005198                USB_disk_write
 .text.USB_disk_ioctl
                0x080051ba       0x20 src\stm32_ub_usbdisk.o
                0x080051ba                USB_disk_ioctl
 .text.NMI_Handler
                0x080051da        0xe src\stm32f4xx_it.o
                0x080051da                NMI_Handler
 .text.HardFault_Handler
                0x080051e8        0x6 src\stm32f4xx_it.o
                0x080051e8                HardFault_Handler
 .text.MemManage_Handler
                0x080051ee        0x6 src\stm32f4xx_it.o
                0x080051ee                MemManage_Handler
 .text.BusFault_Handler
                0x080051f4        0x6 src\stm32f4xx_it.o
                0x080051f4                BusFault_Handler
 .text.UsageFault_Handler
                0x080051fa        0x6 src\stm32f4xx_it.o
                0x080051fa                UsageFault_Handler
 .text.SVC_Handler
                0x08005200        0xe src\stm32f4xx_it.o
                0x08005200                SVC_Handler
 .text.DebugMon_Handler
                0x0800520e        0xe src\stm32f4xx_it.o
                0x0800520e                DebugMon_Handler
 .text.PendSV_Handler
                0x0800521c        0xe src\stm32f4xx_it.o
                0x0800521c                PendSV_Handler
 .text.SysTick_Handler
                0x0800522a        0xe src\stm32f4xx_it.o
                0x0800522a                SysTick_Handler
 .text.SystemInit
                0x08005238       0x6c src\system_stm32f4xx.o
                0x08005238                SystemInit
 .text.SetSysClock
                0x080052a4       0xf8 src\system_stm32f4xx.o
 .text.__libc_init_array
                0x0800539c       0x48 c:/program files (x86)/atollic/truestudio for stm32 9.3.0/armtools/bin/../lib/gcc/arm-atollic-eabi/6.3.1/../../../../arm-atollic-eabi/lib/armv7e-m/fpu\libc.a(lib_a-init.o)
                0x0800539c                __libc_init_array
 .text.sprintf  0x080053e4       0x48 c:/program files (x86)/atollic/truestudio for stm32 9.3.0/armtools/bin/../lib/gcc/arm-atollic-eabi/6.3.1/../../../../arm-atollic-eabi/lib/armv7e-m/fpu\libc.a(lib_a-sprintf.o)
                0x080053e4                sprintf
 *fill*         0x0800542c        0x4 
 .text._svfprintf_r
                0x08005430      0xfa8 c:/program files (x86)/atollic/truestudio for stm32 9.3.0/armtools/bin/../lib/gcc/arm-atollic-eabi/6.3.1/../../../../arm-atollic-eabi/lib/armv7e-m/fpu\libc.a(lib_a-svfprintf.o)
                0x08005430                _svfprintf_r
 .text.quorem   0x080063d8      0x118 c:/program files (x86)/atollic/truestudio for stm32 9.3.0/armtools/bin/../lib/gcc/arm-atollic-eabi/6.3.1/../../../../arm-atollic-eabi/lib/armv7e-m/fpu\libc.a(lib_a-dtoa.o)
 .text._dtoa_r  0x080064f0      0xb9c c:/program files (x86)/atollic/truestudio for stm32 9.3.0/armtools/bin/../lib/gcc/arm-atollic-eabi/6.3.1/../../../../arm-atollic-eabi/lib/armv7e-m/fpu\libc.a(lib_a-dtoa.o)
                0x080064f0                _dtoa_r
 .text._localeconv_r
                0x0800708c       0x1c c:/program files (x86)/atollic/truestudio for stm32 9.3.0/armtools/bin/../lib/gcc/arm-atollic-eabi/6.3.1/../../../../arm-atollic-eabi/lib/armv7e-m/fpu\libc.a(lib_a-localeconv.o)
                0x0800708c                _localeconv_r
 .text.malloc   0x080070a8       0x10 c:/program files (x86)/atollic/truestudio for stm32 9.3.0/armtools/bin/../lib/gcc/arm-atollic-eabi/6.3.1/../../../../arm-atollic-eabi/lib/armv7e-m/fpu\libc.a(lib_a-malloc.o)
                0x080070a8                malloc
 .text._malloc_r
                0x080070b8      0x41c c:/program files (x86)/atollic/truestudio for stm32 9.3.0/armtools/bin/../lib/gcc/arm-atollic-eabi/6.3.1/../../../../arm-atollic-eabi/lib/armv7e-m/fpu\libc.a(lib_a-mallocr.o)
                0x080070b8                _malloc_r
 .text.memcpy   0x080074d4       0x16 c:/program files (x86)/atollic/truestudio for stm32 9.3.0/armtools/bin/../lib/gcc/arm-atollic-eabi/6.3.1/../../../../arm-atollic-eabi/lib/armv7e-m/fpu\libc.a(lib_a-memcpy-stub.o)
                0x080074d4                memcpy
 *fill*         0x080074ea        0x2 
 .text.__malloc_lock
                0x080074ec        0xc c:/program files (x86)/atollic/truestudio for stm32 9.3.0/armtools/bin/../lib/gcc/arm-atollic-eabi/6.3.1/../../../../arm-atollic-eabi/lib/armv7e-m/fpu\libc.a(lib_a-mlock.o)
                0x080074ec                __malloc_lock
 .text.__malloc_unlock
                0x080074f8        0xc c:/program files (x86)/atollic/truestudio for stm32 9.3.0/armtools/bin/../lib/gcc/arm-atollic-eabi/6.3.1/../../../../arm-atollic-eabi/lib/armv7e-m/fpu\libc.a(lib_a-mlock.o)
                0x080074f8                __malloc_unlock
 .text._Balloc  0x08007504       0x68 c:/program files (x86)/atollic/truestudio for stm32 9.3.0/armtools/bin/../lib/gcc/arm-atollic-eabi/6.3.1/../../../../arm-atollic-eabi/lib/armv7e-m/fpu\libc.a(lib_a-mprec.o)
                0x08007504                _Balloc
 .text._Bfree   0x0800756c       0x2e c:/program files (x86)/atollic/truestudio for stm32 9.3.0/armtools/bin/../lib/gcc/arm-atollic-eabi/6.3.1/../../../../arm-atollic-eabi/lib/armv7e-m/fpu\libc.a(lib_a-mprec.o)
                0x0800756c                _Bfree
 .text.__multadd
                0x0800759a       0x76 c:/program files (x86)/atollic/truestudio for stm32 9.3.0/armtools/bin/../lib/gcc/arm-atollic-eabi/6.3.1/../../../../arm-atollic-eabi/lib/armv7e-m/fpu\libc.a(lib_a-mprec.o)
                0x0800759a                __multadd
 .text.__hi0bits
                0x08007610       0x3e c:/program files (x86)/atollic/truestudio for stm32 9.3.0/armtools/bin/../lib/gcc/arm-atollic-eabi/6.3.1/../../../../arm-atollic-eabi/lib/armv7e-m/fpu\libc.a(lib_a-mprec.o)
                0x08007610                __hi0bits
 .text.__lo0bits
                0x0800764e       0x5e c:/program files (x86)/atollic/truestudio for stm32 9.3.0/armtools/bin/../lib/gcc/arm-atollic-eabi/6.3.1/../../../../arm-atollic-eabi/lib/armv7e-m/fpu\libc.a(lib_a-mprec.o)
                0x0800764e                __lo0bits
 .text.__i2b    0x080076ac       0x12 c:/program files (x86)/atollic/truestudio for stm32 9.3.0/armtools/bin/../lib/gcc/arm-atollic-eabi/6.3.1/../../../../arm-atollic-eabi/lib/armv7e-m/fpu\libc.a(lib_a-mprec.o)
                0x080076ac                __i2b
 .text.__multiply
                0x080076be      0x11a c:/program files (x86)/atollic/truestudio for stm32 9.3.0/armtools/bin/../lib/gcc/arm-atollic-eabi/6.3.1/../../../../arm-atollic-eabi/lib/armv7e-m/fpu\libc.a(lib_a-mprec.o)
                0x080076be                __multiply
 .text.__pow5mult
                0x080077d8       0x9c c:/program files (x86)/atollic/truestudio for stm32 9.3.0/armtools/bin/../lib/gcc/arm-atollic-eabi/6.3.1/../../../../arm-atollic-eabi/lib/armv7e-m/fpu\libc.a(lib_a-mprec.o)
                0x080077d8                __pow5mult
 .text.__lshift
                0x08007874       0xa2 c:/program files (x86)/atollic/truestudio for stm32 9.3.0/armtools/bin/../lib/gcc/arm-atollic-eabi/6.3.1/../../../../arm-atollic-eabi/lib/armv7e-m/fpu\libc.a(lib_a-mprec.o)
                0x08007874                __lshift
 .text.__mcmp   0x08007916       0x34 c:/program files (x86)/atollic/truestudio for stm32 9.3.0/armtools/bin/../lib/gcc/arm-atollic-eabi/6.3.1/../../../../arm-atollic-eabi/lib/armv7e-m/fpu\libc.a(lib_a-mprec.o)
                0x08007916                __mcmp
 .text.__mdiff  0x0800794a       0xbc c:/program files (x86)/atollic/truestudio for stm32 9.3.0/armtools/bin/../lib/gcc/arm-atollic-eabi/6.3.1/../../../../arm-atollic-eabi/lib/armv7e-m/fpu\libc.a(lib_a-mprec.o)
                0x0800794a                __mdiff
 .text.__d2b    0x08007a06       0x9e c:/program files (x86)/atollic/truestudio for stm32 9.3.0/armtools/bin/../lib/gcc/arm-atollic-eabi/6.3.1/../../../../arm-atollic-eabi/lib/armv7e-m/fpu\libc.a(lib_a-mprec.o)
                0x08007a06                __d2b
 .text._sbrk_r  0x08007aa4       0x20 c:/program files (x86)/atollic/truestudio for stm32 9.3.0/armtools/bin/../lib/gcc/arm-atollic-eabi/6.3.1/../../../../arm-atollic-eabi/lib/armv7e-m/fpu\libc.a(lib_a-sbrkr.o)
                0x08007aa4                _sbrk_r
 .text.__ssprint_r
                0x08007ac4       0xf4 c:/program files (x86)/atollic/truestudio for stm32 9.3.0/armtools/bin/../lib/gcc/arm-atollic-eabi/6.3.1/../../../../arm-atollic-eabi/lib/armv7e-m/fpu\libc.a(lib_a-svfiprintf.o)
                0x08007ac4                __ssprint_r
 .text._calloc_r
                0x08007bb8       0x5a c:/program files (x86)/atollic/truestudio for stm32 9.3.0/armtools/bin/../lib/gcc/arm-atollic-eabi/6.3.1/../../../../arm-atollic-eabi/lib/armv7e-m/fpu\libc.a(lib_a-callocr.o)
                0x08007bb8                _calloc_r
 *fill*         0x08007c12        0x2 
 .text._malloc_trim_r
                0x08007c14       0xac c:/program files (x86)/atollic/truestudio for stm32 9.3.0/armtools/bin/../lib/gcc/arm-atollic-eabi/6.3.1/../../../../arm-atollic-eabi/lib/armv7e-m/fpu\libc.a(lib_a-freer.o)
                0x08007c14                _malloc_trim_r
 .text._free_r  0x08007cc0      0x178 c:/program files (x86)/atollic/truestudio for stm32 9.3.0/armtools/bin/../lib/gcc/arm-atollic-eabi/6.3.1/../../../../arm-atollic-eabi/lib/armv7e-m/fpu\libc.a(lib_a-freer.o)
                0x08007cc0                _free_r
 .text.__retarget_lock_acquire_recursive
                0x08007e38        0x2 c:/program files (x86)/atollic/truestudio for stm32 9.3.0/armtools/bin/../lib/gcc/arm-atollic-eabi/6.3.1/../../../../arm-atollic-eabi/lib/armv7e-m/fpu\libc.a(lib_a-lock.o)
                0x08007e38                __retarget_lock_acquire_recursive
 .text.__retarget_lock_release_recursive
                0x08007e3a        0x2 c:/program files (x86)/atollic/truestudio for stm32 9.3.0/armtools/bin/../lib/gcc/arm-atollic-eabi/6.3.1/../../../../arm-atollic-eabi/lib/armv7e-m/fpu\libc.a(lib_a-lock.o)
                0x08007e3a                __retarget_lock_release_recursive
 .text.__ascii_mbtowc
                0x08007e3c       0x24 c:/program files (x86)/atollic/truestudio for stm32 9.3.0/armtools/bin/../lib/gcc/arm-atollic-eabi/6.3.1/../../../../arm-atollic-eabi/lib/armv7e-m/fpu\libc.a(lib_a-mbtowc_r.o)
                0x08007e3c                __ascii_mbtowc
 .text.memmove  0x08007e60       0x34 c:/program files (x86)/atollic/truestudio for stm32 9.3.0/armtools/bin/../lib/gcc/arm-atollic-eabi/6.3.1/../../../../arm-atollic-eabi/lib/armv7e-m/fpu\libc.a(lib_a-memmove.o)
                0x08007e60                memmove
 .text.memset   0x08007e94       0x10 c:/program files (x86)/atollic/truestudio for stm32 9.3.0/armtools/bin/../lib/gcc/arm-atollic-eabi/6.3.1/../../../../arm-atollic-eabi/lib/armv7e-m/fpu\libc.a(lib_a-memset.o)
                0x08007e94                memset
 .text._realloc_r
                0x08007ea4      0x300 c:/program files (x86)/atollic/truestudio for stm32 9.3.0/armtools/bin/../lib/gcc/arm-atollic-eabi/6.3.1/../../../../arm-atollic-eabi/lib/armv7e-m/fpu\libc.a(lib_a-reallocr.o)
                0x08007ea4                _realloc_r
 .text.__ascii_wctomb
                0x080081a4       0x1a c:/program files (x86)/atollic/truestudio for stm32 9.3.0/armtools/bin/../lib/gcc/arm-atollic-eabi/6.3.1/../../../../arm-atollic-eabi/lib/armv7e-m/fpu\libc.a(lib_a-wctomb_r.o)
                0x080081a4                __ascii_wctomb
 *fill*         0x080081be        0x2 
 .text._sbrk    0x080081c0       0x1c c:/program files (x86)/atollic/truestudio for stm32 9.3.0/armtools/bin/../lib/gcc/arm-atollic-eabi/6.3.1/../../../../arm-atollic-eabi/lib/armv7e-m/fpu\libnosys.a(sbrk.o)
                0x080081c0                _sbrk
 *(.glue_7)
 .glue_7        0x080081dc        0x0 linker stubs
 *(.glue_7t)
 .glue_7t       0x080081dc        0x0 linker stubs
 *(.eh_frame)
 .eh_frame      0x080081dc        0x0 c:/program files (x86)/atollic/truestudio for stm32 9.3.0/armtools/bin/../lib/gcc/arm-atollic-eabi/6.3.1/armv7e-m/fpu/crtbegin.o
 *(.init)
 .init          0x080081dc        0x4 c:/program files (x86)/atollic/truestudio for stm32 9.3.0/armtools/bin/../lib/gcc/arm-atollic-eabi/6.3.1/armv7e-m/fpu/crti.o
                0x080081dc                _init
 .init          0x080081e0        0x8 c:/program files (x86)/atollic/truestudio for stm32 9.3.0/armtools/bin/../lib/gcc/arm-atollic-eabi/6.3.1/armv7e-m/fpu/crtn.o
 *(.fini)
 .fini          0x080081e8        0x4 c:/program files (x86)/atollic/truestudio for stm32 9.3.0/armtools/bin/../lib/gcc/arm-atollic-eabi/6.3.1/armv7e-m/fpu/crti.o
                0x080081e8                _fini
 .fini          0x080081ec        0x8 c:/program files (x86)/atollic/truestudio for stm32 9.3.0/armtools/bin/../lib/gcc/arm-atollic-eabi/6.3.1/armv7e-m/fpu/crtn.o
                0x080081f4                . = ALIGN (0x4)
                0x080081f4                _etext = .

.vfp11_veneer   0x080081f4        0x0
 .vfp11_veneer  0x080081f4        0x0 linker stubs

.v4_bx          0x080081f4        0x0
 .v4_bx         0x080081f4        0x0 linker stubs

.iplt           0x080081f4        0x0
 .iplt          0x080081f4        0x0 c:/program files (x86)/atollic/truestudio for stm32 9.3.0/armtools/bin/../lib/gcc/arm-atollic-eabi/6.3.1/armv7e-m/fpu/crtbegin.o

.rodata         0x080081f8      0x368
                0x080081f8                . = ALIGN (0x4)
 *(.rodata)
 .rodata        0x080081f8        0xf src\ff.o
 *fill*         0x08008207        0x1 
 .rodata        0x08008208       0x60 src\main.o
 .rodata        0x08008268        0x7 src\stm32_ub_fatfs.o
 *(.rodata*)
 *fill*         0x0800826f        0x1 
 .rodata.ExCvt  0x08008270       0x80 src\ff.o
 .rodata._svfprintf_r.str1.1
                0x080082f0       0x34 c:/program files (x86)/atollic/truestudio for stm32 9.3.0/armtools/bin/../lib/gcc/arm-atollic-eabi/6.3.1/../../../../arm-atollic-eabi/lib/armv7e-m/fpu\libc.a(lib_a-svfprintf.o)
 .rodata.blanks.8359
                0x08008324       0x10 c:/program files (x86)/atollic/truestudio for stm32 9.3.0/armtools/bin/../lib/gcc/arm-atollic-eabi/6.3.1/../../../../arm-atollic-eabi/lib/armv7e-m/fpu\libc.a(lib_a-svfprintf.o)
 .rodata.zeroes.8360
                0x08008334       0x10 c:/program files (x86)/atollic/truestudio for stm32 9.3.0/armtools/bin/../lib/gcc/arm-atollic-eabi/6.3.1/../../../../arm-atollic-eabi/lib/armv7e-m/fpu\libc.a(lib_a-svfprintf.o)
 .rodata._dtoa_r.str1.1
                0x08008344        0xd c:/program files (x86)/atollic/truestudio for stm32 9.3.0/armtools/bin/../lib/gcc/arm-atollic-eabi/6.3.1/../../../../arm-atollic-eabi/lib/armv7e-m/fpu\libc.a(lib_a-dtoa.o)
                                  0xf (size before relaxing)
 *fill*         0x08008351        0x7 
 .rodata.__mprec_bigtens
                0x08008358       0x28 c:/program files (x86)/atollic/truestudio for stm32 9.3.0/armtools/bin/../lib/gcc/arm-atollic-eabi/6.3.1/../../../../arm-atollic-eabi/lib/armv7e-m/fpu\libc.a(lib_a-mprec.o)
                0x08008358                __mprec_bigtens
 .rodata.__mprec_tens
                0x08008380       0xc8 c:/program files (x86)/atollic/truestudio for stm32 9.3.0/armtools/bin/../lib/gcc/arm-atollic-eabi/6.3.1/../../../../arm-atollic-eabi/lib/armv7e-m/fpu\libc.a(lib_a-mprec.o)
                0x08008380                __mprec_tens
 .rodata.p05.7196
                0x08008448        0xc c:/program files (x86)/atollic/truestudio for stm32 9.3.0/armtools/bin/../lib/gcc/arm-atollic-eabi/6.3.1/../../../../arm-atollic-eabi/lib/armv7e-m/fpu\libc.a(lib_a-mprec.o)
 .rodata._setlocale_r.str1.1
                0x08008454        0x8 c:/program files (x86)/atollic/truestudio for stm32 9.3.0/armtools/bin/../lib/gcc/arm-atollic-eabi/6.3.1/../../../../arm-atollic-eabi/lib/armv7e-m/fpu\libc.a(lib_a-locale.o)
                                  0x9 (size before relaxing)
 .rodata.str1.1
                0x0800845c        0x2 c:/program files (x86)/atollic/truestudio for stm32 9.3.0/armtools/bin/../lib/gcc/arm-atollic-eabi/6.3.1/../../../../arm-atollic-eabi/lib/armv7e-m/fpu\libc.a(lib_a-locale.o)
 .rodata._ctype_
                0x0800845e      0x101 c:/program files (x86)/atollic/truestudio for stm32 9.3.0/armtools/bin/../lib/gcc/arm-atollic-eabi/6.3.1/../../../../arm-atollic-eabi/lib/armv7e-m/fpu\libc.a(lib_a-ctype_.o)
                0x0800845e                _ctype_
                0x08008560                . = ALIGN (0x4)
 *fill*         0x0800855f        0x1 

.ARM.extab
 *(.ARM.extab* .gnu.linkonce.armextab.*)

.ARM            0x08008560        0x8
                0x08008560                __exidx_start = .
 *(.ARM.exidx*)
 .ARM.exidx     0x08008560        0x8 c:/program files (x86)/atollic/truestudio for stm32 9.3.0/armtools/bin/../lib/gcc/arm-atollic-eabi/6.3.1/armv7e-m/fpu\libgcc.a(_udivmoddi4.o)
                0x08008568                __exidx_end = .

.rel.dyn        0x08008568        0x0
 .rel.iplt      0x08008568        0x0 c:/program files (x86)/atollic/truestudio for stm32 9.3.0/armtools/bin/../lib/gcc/arm-atollic-eabi/6.3.1/armv7e-m/fpu/crtbegin.o

.preinit_array  0x08008568        0x0
                0x08008568                PROVIDE (__preinit_array_start, .)
 *(.preinit_array*)
                0x08008568                PROVIDE (__preinit_array_end, .)

.init_array     0x08008568        0x4
                0x08008568                PROVIDE (__init_array_start, .)
 *(SORT(.init_array.*))
 *(.init_array*)
 .init_array    0x08008568        0x4 c:/program files (x86)/atollic/truestudio for stm32 9.3.0/armtools/bin/../lib/gcc/arm-atollic-eabi/6.3.1/armv7e-m/fpu/crtbegin.o
                0x0800856c                PROVIDE (__init_array_end, .)

.fini_array     0x0800856c        0x4
                [!provide]                PROVIDE (__fini_array_start, .)
 *(SORT(.fini_array.*))
 *(.fini_array*)
 .fini_array    0x0800856c        0x4 c:/program files (x86)/atollic/truestudio for stm32 9.3.0/armtools/bin/../lib/gcc/arm-atollic-eabi/6.3.1/armv7e-m/fpu/crtbegin.o
                [!provide]                PROVIDE (__fini_array_end, .)
                0x08008570                _sidata = LOADADDR (.data)

.data           0x20000000      0x76c load address 0x08008570
                0x20000000                . = ALIGN (0x4)
                0x20000000                _sdata = .
 *(.data)
 *(.data*)
 .data.LCD_4X20
                0x20000000       0x78 src\stm32_ub_lcd_4x20.o
                0x20000000                LCD_4X20
 .data.LED      0x20000078       0x50 src\stm32_ub_led.o
                0x20000078                LED
 .data.Stat     0x200000c8        0x1 src\stm32_ub_sdcard.o
 *fill*         0x200000c9        0x3 
 .data.SPI2DEV  0x200000cc       0x30 src\stm32_ub_spi2.o
                0x200000cc                SPI2DEV
 .data._impure_ptr
                0x200000fc        0x4 c:/program files (x86)/atollic/truestudio for stm32 9.3.0/armtools/bin/../lib/gcc/arm-atollic-eabi/6.3.1/../../../../arm-atollic-eabi/lib/armv7e-m/fpu\libc.a(lib_a-impure.o)
                0x200000fc                _impure_ptr
 .data.impure_data
                0x20000100       0xf0 c:/program files (x86)/atollic/truestudio for stm32 9.3.0/armtools/bin/../lib/gcc/arm-atollic-eabi/6.3.1/../../../../arm-atollic-eabi/lib/armv7e-m/fpu\libc.a(lib_a-impure.o)
 .data.__malloc_av_
                0x200001f0      0x408 c:/program files (x86)/atollic/truestudio for stm32 9.3.0/armtools/bin/../lib/gcc/arm-atollic-eabi/6.3.1/../../../../arm-atollic-eabi/lib/armv7e-m/fpu\libc.a(lib_a-mallocr.o)
                0x200001f0                __malloc_av_
 .data.__malloc_sbrk_base
                0x200005f8        0x4 c:/program files (x86)/atollic/truestudio for stm32 9.3.0/armtools/bin/../lib/gcc/arm-atollic-eabi/6.3.1/../../../../arm-atollic-eabi/lib/armv7e-m/fpu\libc.a(lib_a-mallocr.o)
                0x200005f8                __malloc_sbrk_base
 .data.__malloc_trim_threshold
                0x200005fc        0x4 c:/program files (x86)/atollic/truestudio for stm32 9.3.0/armtools/bin/../lib/gcc/arm-atollic-eabi/6.3.1/../../../../arm-atollic-eabi/lib/armv7e-m/fpu\libc.a(lib_a-mallocr.o)
                0x200005fc                __malloc_trim_threshold
 .data.__global_locale
                0x20000600      0x16c c:/program files (x86)/atollic/truestudio for stm32 9.3.0/armtools/bin/../lib/gcc/arm-atollic-eabi/6.3.1/../../../../arm-atollic-eabi/lib/armv7e-m/fpu\libc.a(lib_a-locale.o)
                0x20000600                __global_locale
                0x2000076c                . = ALIGN (0x4)
                0x2000076c                _edata = .
                0x08008cdc                _siccmram = LOADADDR (.ccmram)

.igot.plt       0x2000076c        0x0 load address 0x08008cdc
 .igot.plt      0x2000076c        0x0 c:/program files (x86)/atollic/truestudio for stm32 9.3.0/armtools/bin/../lib/gcc/arm-atollic-eabi/6.3.1/armv7e-m/fpu/crtbegin.o

.ccmram         0x10000000        0x0 load address 0x08008cdc
                0x10000000                . = ALIGN (0x4)
                0x10000000                _sccmram = .
 *(.ccmram)
 *(.ccmram*)
                0x10000000                . = ALIGN (0x4)
                0x10000000                _eccmram = .
                0x10000000                . = ALIGN (0x4)

.bss            0x2000076c      0x4fc
                0x2000076c                _sbss = .
                0x2000076c                __bss_start__ = _sbss
 *(.bss)
 .bss           0x2000076c       0x1c c:/program files (x86)/atollic/truestudio for stm32 9.3.0/armtools/bin/../lib/gcc/arm-atollic-eabi/6.3.1/armv7e-m/fpu/crtbegin.o
 *(.bss*)
 .bss.FatFs     0x20000788        0x4 src\ff.o
 .bss.Fsid      0x2000078c        0x2 src\ff.o
 *fill*         0x2000078e        0x2 
 .bss.FileSystemObject
                0x20000790      0x230 src\stm32_ub_fatfs.o
 .bss.Timer1    0x200009c0        0x4 src\stm32_ub_sdcard.o
 .bss.Timer2    0x200009c4        0x4 src\stm32_ub_sdcard.o
 .bss.CardType  0x200009c8        0x1 src\stm32_ub_sdcard.o
 .bss.init_ok.8663
                0x200009c9        0x1 src\stm32_ub_spi2.o
 .bss.init_mode.8664
                0x200009ca        0x1 src\stm32_ub_spi2.o
 *fill*         0x200009cb        0x1 
 .bss.__malloc_current_mallinfo
                0x200009cc       0x28 c:/program files (x86)/atollic/truestudio for stm32 9.3.0/armtools/bin/../lib/gcc/arm-atollic-eabi/6.3.1/../../../../arm-atollic-eabi/lib/armv7e-m/fpu\libc.a(lib_a-mallocr.o)
                0x200009cc                __malloc_current_mallinfo
 .bss.__malloc_max_sbrked_mem
                0x200009f4        0x4 c:/program files (x86)/atollic/truestudio for stm32 9.3.0/armtools/bin/../lib/gcc/arm-atollic-eabi/6.3.1/../../../../arm-atollic-eabi/lib/armv7e-m/fpu\libc.a(lib_a-mallocr.o)
                0x200009f4                __malloc_max_sbrked_mem
 .bss.__malloc_max_total_mem
                0x200009f8        0x4 c:/program files (x86)/atollic/truestudio for stm32 9.3.0/armtools/bin/../lib/gcc/arm-atollic-eabi/6.3.1/../../../../arm-atollic-eabi/lib/armv7e-m/fpu\libc.a(lib_a-mallocr.o)
                0x200009f8                __malloc_max_total_mem
 .bss.__malloc_top_pad
                0x200009fc        0x4 c:/program files (x86)/atollic/truestudio for stm32 9.3.0/armtools/bin/../lib/gcc/arm-atollic-eabi/6.3.1/../../../../arm-atollic-eabi/lib/armv7e-m/fpu\libc.a(lib_a-mallocr.o)
                0x200009fc                __malloc_top_pad
 .bss.heap_end.5239
                0x20000a00        0x4 c:/program files (x86)/atollic/truestudio for stm32 9.3.0/armtools/bin/../lib/gcc/arm-atollic-eabi/6.3.1/../../../../arm-atollic-eabi/lib/armv7e-m/fpu\libnosys.a(sbrk.o)
 *(COMMON)
 COMMON         0x20000a04      0x256 src\main.o
                0x20000a04                prueba
                0x20000c28                Anda
 COMMON         0x20000c5a        0x9 c:/program files (x86)/atollic/truestudio for stm32 9.3.0/armtools/bin/../lib/gcc/arm-atollic-eabi/6.3.1/../../../../arm-atollic-eabi/lib/armv7e-m/fpu\libc.a(lib_a-lock.o)
                0x20000c5a                __lock___atexit_recursive_mutex
                0x20000c5b                __lock___arc4random_mutex
                0x20000c5c                __lock___env_recursive_mutex
                0x20000c5d                __lock___sinit_recursive_mutex
                0x20000c5e                __lock___malloc_recursive_mutex
                0x20000c5f                __lock___at_quick_exit_mutex
                0x20000c60                __lock___dd_hash_mutex
                0x20000c61                __lock___tz_mutex
                0x20000c62                __lock___sfp_recursive_mutex
 *fill*         0x20000c63        0x1 
 COMMON         0x20000c64        0x4 c:/program files (x86)/atollic/truestudio for stm32 9.3.0/armtools/bin/../lib/gcc/arm-atollic-eabi/6.3.1/../../../../arm-atollic-eabi/lib/armv7e-m/fpu\libc.a(lib_a-reent.o)
                0x20000c64                errno
                0x20000c68                . = ALIGN (0x4)
                0x20000c68                _ebss = .
                0x20000c68                __bss_end__ = _ebss

._user_heap_stack
                0x20000c68      0x400
                0x20000c68                . = ALIGN (0x4)
                0x20000c68                PROVIDE (end, .)
                [!provide]                PROVIDE (_end, .)
                0x20000c68                . = (. + _Min_Heap_Size)
                0x20001068                . = (. + _Min_Stack_Size)
 *fill*         0x20000c68      0x400 
                0x20001068                . = ALIGN (0x4)

.memory_b1_text
 *(.mb1text)
 *(.mb1text*)
 *(.mb1rodata)
 *(.mb1rodata*)

/DISCARD/
 libc.a(*)
 libm.a(*)
 libgcc.a(*)

.ARM.attributes
                0x00000000       0x30
 *(.ARM.attributes)
 .ARM.attributes
                0x00000000       0x22 c:/program files (x86)/atollic/truestudio for stm32 9.3.0/armtools/bin/../lib/gcc/arm-atollic-eabi/6.3.1/armv7e-m/fpu/crti.o
 .ARM.attributes
                0x00000022       0x34 c:/program files (x86)/atollic/truestudio for stm32 9.3.0/armtools/bin/../lib/gcc/arm-atollic-eabi/6.3.1/armv7e-m/fpu/crtbegin.o
 .ARM.attributes
                0x00000056       0x39 Libraries\STM32F4xx_StdPeriph_Driver\src\misc.o
 .ARM.attributes
                0x0000008f       0x39 Libraries\STM32F4xx_StdPeriph_Driver\src\stm32f4xx_gpio.o
 .ARM.attributes
                0x000000c8       0x39 Libraries\STM32F4xx_StdPeriph_Driver\src\stm32f4xx_rcc.o
 .ARM.attributes
                0x00000101       0x39 Libraries\STM32F4xx_StdPeriph_Driver\src\stm32f4xx_spi.o
 .ARM.attributes
                0x0000013a       0x39 Libraries\STM32F4xx_StdPeriph_Driver\src\stm32f4xx_tim.o
 .ARM.attributes
                0x00000173       0x39 src\diskio.o
 .ARM.attributes
                0x000001ac       0x39 src\ff.o
 .ARM.attributes
                0x000001e5       0x39 src\main.o
 .ARM.attributes
                0x0000021e       0x21 src\startup_stm32f40xx.o
 .ARM.attributes
                0x0000023f       0x39 src\stm32_ub_atadrive.o
 .ARM.attributes
                0x00000278       0x39 src\stm32_ub_fatfs.o
 .ARM.attributes
                0x000002b1       0x39 src\stm32_ub_lcd_4x20.o
 .ARM.attributes
                0x000002ea       0x39 src\stm32_ub_led.o
 .ARM.attributes
                0x00000323       0x39 src\stm32_ub_sdcard.o
 .ARM.attributes
                0x0000035c       0x39 src\stm32_ub_spi2.o
 .ARM.attributes
                0x00000395       0x39 src\stm32_ub_usbdisk.o
 .ARM.attributes
                0x000003ce       0x39 src\stm32f4xx_it.o
 .ARM.attributes
                0x00000407       0x39 src\system_stm32f4xx.o
 .ARM.attributes
                0x00000440       0x34 c:/program files (x86)/atollic/truestudio for stm32 9.3.0/armtools/bin/../lib/gcc/arm-atollic-eabi/6.3.1/../../../../arm-atollic-eabi/lib/armv7e-m/fpu\libc.a(lib_a-init.o)
 .ARM.attributes
                0x00000474       0x34 c:/program files (x86)/atollic/truestudio for stm32 9.3.0/armtools/bin/../lib/gcc/arm-atollic-eabi/6.3.1/../../../../arm-atollic-eabi/lib/armv7e-m/fpu\libc.a(lib_a-sprintf.o)
 .ARM.attributes
                0x000004a8       0x34 c:/program files (x86)/atollic/truestudio for stm32 9.3.0/armtools/bin/../lib/gcc/arm-atollic-eabi/6.3.1/../../../../arm-atollic-eabi/lib/armv7e-m/fpu\libc.a(lib_a-svfprintf.o)
 .ARM.attributes
                0x000004dc       0x34 c:/program files (x86)/atollic/truestudio for stm32 9.3.0/armtools/bin/../lib/gcc/arm-atollic-eabi/6.3.1/../../../../arm-atollic-eabi/lib/armv7e-m/fpu\libc.a(lib_a-dtoa.o)
 .ARM.attributes
                0x00000510       0x34 c:/program files (x86)/atollic/truestudio for stm32 9.3.0/armtools/bin/../lib/gcc/arm-atollic-eabi/6.3.1/../../../../arm-atollic-eabi/lib/armv7e-m/fpu\libc.a(lib_a-impure.o)
 .ARM.attributes
                0x00000544       0x34 c:/program files (x86)/atollic/truestudio for stm32 9.3.0/armtools/bin/../lib/gcc/arm-atollic-eabi/6.3.1/../../../../arm-atollic-eabi/lib/armv7e-m/fpu\libc.a(lib_a-localeconv.o)
 .ARM.attributes
                0x00000578       0x34 c:/program files (x86)/atollic/truestudio for stm32 9.3.0/armtools/bin/../lib/gcc/arm-atollic-eabi/6.3.1/../../../../arm-atollic-eabi/lib/armv7e-m/fpu\libc.a(lib_a-malloc.o)
 .ARM.attributes
                0x000005ac       0x34 c:/program files (x86)/atollic/truestudio for stm32 9.3.0/armtools/bin/../lib/gcc/arm-atollic-eabi/6.3.1/../../../../arm-atollic-eabi/lib/armv7e-m/fpu\libc.a(lib_a-mallocr.o)
 .ARM.attributes
                0x000005e0       0x20 c:/program files (x86)/atollic/truestudio for stm32 9.3.0/armtools/bin/../lib/gcc/arm-atollic-eabi/6.3.1/../../../../arm-atollic-eabi/lib/armv7e-m/fpu\libc.a(lib_a-memchr.o)
 .ARM.attributes
                0x00000600       0x34 c:/program files (x86)/atollic/truestudio for stm32 9.3.0/armtools/bin/../lib/gcc/arm-atollic-eabi/6.3.1/../../../../arm-atollic-eabi/lib/armv7e-m/fpu\libc.a(lib_a-memcpy-stub.o)
 .ARM.attributes
                0x00000634       0x34 c:/program files (x86)/atollic/truestudio for stm32 9.3.0/armtools/bin/../lib/gcc/arm-atollic-eabi/6.3.1/../../../../arm-atollic-eabi/lib/armv7e-m/fpu\libc.a(lib_a-mlock.o)
 .ARM.attributes
                0x00000668       0x34 c:/program files (x86)/atollic/truestudio for stm32 9.3.0/armtools/bin/../lib/gcc/arm-atollic-eabi/6.3.1/../../../../arm-atollic-eabi/lib/armv7e-m/fpu\libc.a(lib_a-mprec.o)
 .ARM.attributes
                0x0000069c       0x34 c:/program files (x86)/atollic/truestudio for stm32 9.3.0/armtools/bin/../lib/gcc/arm-atollic-eabi/6.3.1/../../../../arm-atollic-eabi/lib/armv7e-m/fpu\libc.a(lib_a-sbrkr.o)
 .ARM.attributes
                0x000006d0       0x1b c:/program files (x86)/atollic/truestudio for stm32 9.3.0/armtools/bin/../lib/gcc/arm-atollic-eabi/6.3.1/../../../../arm-atollic-eabi/lib/armv7e-m/fpu\libc.a(lib_a-strlen.o)
 .ARM.attributes
                0x000006eb       0x34 c:/program files (x86)/atollic/truestudio for stm32 9.3.0/armtools/bin/../lib/gcc/arm-atollic-eabi/6.3.1/../../../../arm-atollic-eabi/lib/armv7e-m/fpu\libc.a(lib_a-svfiprintf.o)
 .ARM.attributes
                0x0000071f       0x34 c:/program files (x86)/atollic/truestudio for stm32 9.3.0/armtools/bin/../lib/gcc/arm-atollic-eabi/6.3.1/../../../../arm-atollic-eabi/lib/armv7e-m/fpu\libc.a(lib_a-callocr.o)
 .ARM.attributes
                0x00000753       0x34 c:/program files (x86)/atollic/truestudio for stm32 9.3.0/armtools/bin/../lib/gcc/arm-atollic-eabi/6.3.1/../../../../arm-atollic-eabi/lib/armv7e-m/fpu\libc.a(lib_a-freer.o)
 .ARM.attributes
                0x00000787       0x34 c:/program files (x86)/atollic/truestudio for stm32 9.3.0/armtools/bin/../lib/gcc/arm-atollic-eabi/6.3.1/../../../../arm-atollic-eabi/lib/armv7e-m/fpu\libc.a(lib_a-locale.o)
 .ARM.attributes
                0x000007bb       0x34 c:/program files (x86)/atollic/truestudio for stm32 9.3.0/armtools/bin/../lib/gcc/arm-atollic-eabi/6.3.1/../../../../arm-atollic-eabi/lib/armv7e-m/fpu\libc.a(lib_a-lock.o)
 .ARM.attributes
                0x000007ef       0x34 c:/program files (x86)/atollic/truestudio for stm32 9.3.0/armtools/bin/../lib/gcc/arm-atollic-eabi/6.3.1/../../../../arm-atollic-eabi/lib/armv7e-m/fpu\libc.a(lib_a-mbtowc_r.o)
 .ARM.attributes
                0x00000823       0x34 c:/program files (x86)/atollic/truestudio for stm32 9.3.0/armtools/bin/../lib/gcc/arm-atollic-eabi/6.3.1/../../../../arm-atollic-eabi/lib/armv7e-m/fpu\libc.a(lib_a-memmove.o)
 .ARM.attributes
                0x00000857       0x34 c:/program files (x86)/atollic/truestudio for stm32 9.3.0/armtools/bin/../lib/gcc/arm-atollic-eabi/6.3.1/../../../../arm-atollic-eabi/lib/armv7e-m/fpu\libc.a(lib_a-memset.o)
 .ARM.attributes
                0x0000088b       0x34 c:/program files (x86)/atollic/truestudio for stm32 9.3.0/armtools/bin/../lib/gcc/arm-atollic-eabi/6.3.1/../../../../arm-atollic-eabi/lib/armv7e-m/fpu\libc.a(lib_a-reallocr.o)
 .ARM.attributes
                0x000008bf       0x34 c:/program files (x86)/atollic/truestudio for stm32 9.3.0/armtools/bin/../lib/gcc/arm-atollic-eabi/6.3.1/../../../../arm-atollic-eabi/lib/armv7e-m/fpu\libc.a(lib_a-reent.o)
 .ARM.attributes
                0x000008f3       0x34 c:/program files (x86)/atollic/truestudio for stm32 9.3.0/armtools/bin/../lib/gcc/arm-atollic-eabi/6.3.1/../../../../arm-atollic-eabi/lib/armv7e-m/fpu\libc.a(lib_a-wctomb_r.o)
 .ARM.attributes
                0x00000927       0x34 c:/program files (x86)/atollic/truestudio for stm32 9.3.0/armtools/bin/../lib/gcc/arm-atollic-eabi/6.3.1/../../../../arm-atollic-eabi/lib/armv7e-m/fpu\libc.a(lib_a-ctype_.o)
 .ARM.attributes
                0x0000095b       0x22 c:/program files (x86)/atollic/truestudio for stm32 9.3.0/armtools/bin/../lib/gcc/arm-atollic-eabi/6.3.1/armv7e-m/fpu\libgcc.a(_arm_addsubdf3.o)
 .ARM.attributes
                0x0000097d       0x22 c:/program files (x86)/atollic/truestudio for stm32 9.3.0/armtools/bin/../lib/gcc/arm-atollic-eabi/6.3.1/armv7e-m/fpu\libgcc.a(_arm_muldivdf3.o)
 .ARM.attributes
                0x0000099f       0x22 c:/program files (x86)/atollic/truestudio for stm32 9.3.0/armtools/bin/../lib/gcc/arm-atollic-eabi/6.3.1/armv7e-m/fpu\libgcc.a(_arm_cmpdf2.o)
 .ARM.attributes
                0x000009c1       0x22 c:/program files (x86)/atollic/truestudio for stm32 9.3.0/armtools/bin/../lib/gcc/arm-atollic-eabi/6.3.1/armv7e-m/fpu\libgcc.a(_arm_unorddf2.o)
 .ARM.attributes
                0x000009e3       0x22 c:/program files (x86)/atollic/truestudio for stm32 9.3.0/armtools/bin/../lib/gcc/arm-atollic-eabi/6.3.1/armv7e-m/fpu\libgcc.a(_arm_fixdfsi.o)
 .ARM.attributes
                0x00000a05       0x22 c:/program files (x86)/atollic/truestudio for stm32 9.3.0/armtools/bin/../lib/gcc/arm-atollic-eabi/6.3.1/armv7e-m/fpu\libgcc.a(_aeabi_uldivmod.o)
 .ARM.attributes
                0x00000a27       0x34 c:/program files (x86)/atollic/truestudio for stm32 9.3.0/armtools/bin/../lib/gcc/arm-atollic-eabi/6.3.1/armv7e-m/fpu\libgcc.a(_udivmoddi4.o)
 .ARM.attributes
                0x00000a5b       0x22 c:/program files (x86)/atollic/truestudio for stm32 9.3.0/armtools/bin/../lib/gcc/arm-atollic-eabi/6.3.1/armv7e-m/fpu\libgcc.a(_dvmd_tls.o)
 .ARM.attributes
                0x00000a7d       0x34 c:/program files (x86)/atollic/truestudio for stm32 9.3.0/armtools/bin/../lib/gcc/arm-atollic-eabi/6.3.1/../../../../arm-atollic-eabi/lib/armv7e-m/fpu\libnosys.a(sbrk.o)
 .ARM.attributes
                0x00000ab1       0x22 c:/program files (x86)/atollic/truestudio for stm32 9.3.0/armtools/bin/../lib/gcc/arm-atollic-eabi/6.3.1/armv7e-m/fpu/crtn.o
OUTPUT(SD.elf elf32-littlearm)

.debug_info     0x00000000     0x9d6d
 .debug_info    0x00000000      0x54d Libraries\STM32F4xx_StdPeriph_Driver\src\misc.o
 .debug_info    0x0000054d      0x628 Libraries\STM32F4xx_StdPeriph_Driver\src\stm32f4xx_gpio.o
 .debug_info    0x00000b75      0xc98 Libraries\STM32F4xx_StdPeriph_Driver\src\stm32f4xx_rcc.o
 .debug_info    0x0000180d      0xb1a Libraries\STM32F4xx_StdPeriph_Driver\src\stm32f4xx_spi.o
 .debug_info    0x00002327     0x1c74 Libraries\STM32F4xx_StdPeriph_Driver\src\stm32f4xx_tim.o
 .debug_info    0x00003f9b      0x307 src\diskio.o
 .debug_info    0x000042a2     0x1b43 src\ff.o
 .debug_info    0x00005de5      0xbe1 src\main.o
 .debug_info    0x000069c6       0x77 src\startup_stm32f40xx.o
 .debug_info    0x00006a3d      0x26b src\stm32_ub_atadrive.o
 .debug_info    0x00006ca8      0x832 src\stm32_ub_fatfs.o
 .debug_info    0x000074da      0x611 src\stm32_ub_lcd_4x20.o
 .debug_info    0x00007aeb      0x441 src\stm32_ub_led.o
 .debug_info    0x00007f2c      0xeb9 src\stm32_ub_sdcard.o
 .debug_info    0x00008de5      0x5ec src\stm32_ub_spi2.o
 .debug_info    0x000093d1      0x26b src\stm32_ub_usbdisk.o
 .debug_info    0x0000963c      0x154 src\stm32f4xx_it.o
 .debug_info    0x00009790      0x5dd src\system_stm32f4xx.o

.debug_abbrev   0x00000000     0x1a6a
 .debug_abbrev  0x00000000      0x172 Libraries\STM32F4xx_StdPeriph_Driver\src\misc.o
 .debug_abbrev  0x00000172      0x1b8 Libraries\STM32F4xx_StdPeriph_Driver\src\stm32f4xx_gpio.o
 .debug_abbrev  0x0000032a      0x1f8 Libraries\STM32F4xx_StdPeriph_Driver\src\stm32f4xx_rcc.o
 .debug_abbrev  0x00000522      0x17a Libraries\STM32F4xx_StdPeriph_Driver\src\stm32f4xx_spi.o
 .debug_abbrev  0x0000069c      0x19a Libraries\STM32F4xx_StdPeriph_Driver\src\stm32f4xx_tim.o
 .debug_abbrev  0x00000836      0x139 src\diskio.o
 .debug_abbrev  0x0000096f      0x228 src\ff.o
 .debug_abbrev  0x00000b97      0x1ef src\main.o
 .debug_abbrev  0x00000d86       0x12 src\startup_stm32f40xx.o
 .debug_abbrev  0x00000d98       0xd8 src\stm32_ub_atadrive.o
 .debug_abbrev  0x00000e70      0x1a7 src\stm32_ub_fatfs.o
 .debug_abbrev  0x00001017      0x1e8 src\stm32_ub_lcd_4x20.o
 .debug_abbrev  0x000011ff      0x178 src\stm32_ub_led.o
 .debug_abbrev  0x00001377      0x2d1 src\stm32_ub_sdcard.o
 .debug_abbrev  0x00001648      0x17a src\stm32_ub_spi2.o
 .debug_abbrev  0x000017c2       0xd8 src\stm32_ub_usbdisk.o
 .debug_abbrev  0x0000189a       0x78 src\stm32f4xx_it.o
 .debug_abbrev  0x00001912      0x158 src\system_stm32f4xx.o

.debug_aranges  0x00000000      0xbf8
 .debug_aranges
                0x00000000       0x40 Libraries\STM32F4xx_StdPeriph_Driver\src\misc.o
 .debug_aranges
                0x00000040       0x88 Libraries\STM32F4xx_StdPeriph_Driver\src\stm32f4xx_gpio.o
 .debug_aranges
                0x000000c8      0x180 Libraries\STM32F4xx_StdPeriph_Driver\src\stm32f4xx_rcc.o
 .debug_aranges
                0x00000248       0xe0 Libraries\STM32F4xx_StdPeriph_Driver\src\stm32f4xx_spi.o
 .debug_aranges
                0x00000328      0x2f8 Libraries\STM32F4xx_StdPeriph_Driver\src\stm32f4xx_tim.o
 .debug_aranges
                0x00000620       0x48 src\diskio.o
 .debug_aranges
                0x00000668      0x1b0 src\ff.o
 .debug_aranges
                0x00000818       0x28 src\main.o
 .debug_aranges
                0x00000840       0x28 src\startup_stm32f40xx.o
 .debug_aranges
                0x00000868       0x50 src\stm32_ub_atadrive.o
 .debug_aranges
                0x000008b8       0x78 src\stm32_ub_fatfs.o
 .debug_aranges
                0x00000930       0x90 src\stm32_ub_lcd_4x20.o
 .debug_aranges
                0x000009c0       0x40 src\stm32_ub_led.o
 .debug_aranges
                0x00000a00       0xf0 src\stm32_ub_sdcard.o
 .debug_aranges
                0x00000af0       0x28 src\stm32_ub_spi2.o
 .debug_aranges
                0x00000b18       0x50 src\stm32_ub_usbdisk.o
 .debug_aranges
                0x00000b68       0x60 src\stm32f4xx_it.o
 .debug_aranges
                0x00000bc8       0x30 src\system_stm32f4xx.o

.debug_ranges   0x00000000      0xae0
 .debug_ranges  0x00000000       0x30 Libraries\STM32F4xx_StdPeriph_Driver\src\misc.o
 .debug_ranges  0x00000030       0x78 Libraries\STM32F4xx_StdPeriph_Driver\src\stm32f4xx_gpio.o
 .debug_ranges  0x000000a8      0x170 Libraries\STM32F4xx_StdPeriph_Driver\src\stm32f4xx_rcc.o
 .debug_ranges  0x00000218       0xd0 Libraries\STM32F4xx_StdPeriph_Driver\src\stm32f4xx_spi.o
 .debug_ranges  0x000002e8      0x2e8 Libraries\STM32F4xx_StdPeriph_Driver\src\stm32f4xx_tim.o
 .debug_ranges  0x000005d0       0x38 src\diskio.o
 .debug_ranges  0x00000608      0x1a0 src\ff.o
 .debug_ranges  0x000007a8       0x18 src\main.o
 .debug_ranges  0x000007c0       0x20 src\startup_stm32f40xx.o
 .debug_ranges  0x000007e0       0x40 src\stm32_ub_atadrive.o
 .debug_ranges  0x00000820       0x68 src\stm32_ub_fatfs.o
 .debug_ranges  0x00000888       0x80 src\stm32_ub_lcd_4x20.o
 .debug_ranges  0x00000908       0x30 src\stm32_ub_led.o
 .debug_ranges  0x00000938       0xe0 src\stm32_ub_sdcard.o
 .debug_ranges  0x00000a18       0x18 src\stm32_ub_spi2.o
 .debug_ranges  0x00000a30       0x40 src\stm32_ub_usbdisk.o
 .debug_ranges  0x00000a70       0x50 src\stm32f4xx_it.o
 .debug_ranges  0x00000ac0       0x20 src\system_stm32f4xx.o

.debug_line     0x00000000     0x4ab0
 .debug_line    0x00000000      0x253 Libraries\STM32F4xx_StdPeriph_Driver\src\misc.o
 .debug_line    0x00000253      0x375 Libraries\STM32F4xx_StdPeriph_Driver\src\stm32f4xx_gpio.o
 .debug_line    0x000005c8      0x5cd Libraries\STM32F4xx_StdPeriph_Driver\src\stm32f4xx_rcc.o
 .debug_line    0x00000b95      0x485 Libraries\STM32F4xx_StdPeriph_Driver\src\stm32f4xx_spi.o
 .debug_line    0x0000101a      0xad6 Libraries\STM32F4xx_StdPeriph_Driver\src\stm32f4xx_tim.o
 .debug_line    0x00001af0      0x23f src\diskio.o
 .debug_line    0x00001d2f      0xef1 src\ff.o
 .debug_line    0x00002c20      0x29c src\main.o
 .debug_line    0x00002ebc       0x7a src\startup_stm32f40xx.o
 .debug_line    0x00002f36      0x212 src\stm32_ub_atadrive.o
 .debug_line    0x00003148      0x332 src\stm32_ub_fatfs.o
 .debug_line    0x0000347a      0x48f src\stm32_ub_lcd_4x20.o
 .debug_line    0x00003909      0x25a src\stm32_ub_led.o
 .debug_line    0x00003b63      0x699 src\stm32_ub_sdcard.o
 .debug_line    0x000041fc      0x263 src\stm32_ub_spi2.o
 .debug_line    0x0000445f      0x211 src\stm32_ub_usbdisk.o
 .debug_line    0x00004670      0x227 src\stm32f4xx_it.o
 .debug_line    0x00004897      0x219 src\system_stm32f4xx.o

.debug_str      0x00000000     0x34c7
 .debug_str     0x00000000      0x406 Libraries\STM32F4xx_StdPeriph_Driver\src\misc.o
                                0x453 (size before relaxing)
 .debug_str     0x00000406      0x330 Libraries\STM32F4xx_StdPeriph_Driver\src\stm32f4xx_gpio.o
                                0x528 (size before relaxing)
 .debug_str     0x00000736      0x666 Libraries\STM32F4xx_StdPeriph_Driver\src\stm32f4xx_rcc.o
                                0x8fe (size before relaxing)
 .debug_str     0x00000d9c      0x3ba Libraries\STM32F4xx_StdPeriph_Driver\src\stm32f4xx_spi.o
                                0x70f (size before relaxing)
 .debug_str     0x00001156      0xb68 Libraries\STM32F4xx_StdPeriph_Driver\src\stm32f4xx_tim.o
                                0xe55 (size before relaxing)
 .debug_str     0x00001cbe       0x79 src\diskio.o
                                0x29a (size before relaxing)
 .debug_str     0x00001d37      0x495 src\ff.o
                                0x69f (size before relaxing)
 .debug_str     0x000021cc      0x520 src\main.o
                                0x802 (size before relaxing)
 .debug_str     0x000026ec       0x9c src\stm32_ub_atadrive.o
                                0x299 (size before relaxing)
 .debug_str     0x00002788      0x14b src\stm32_ub_fatfs.o
                                0x638 (size before relaxing)
 .debug_str     0x000028d3      0x208 src\stm32_ub_lcd_4x20.o
                                0x5bb (size before relaxing)
 .debug_str     0x00002adb       0xb4 src\stm32_ub_led.o
                                0x468 (size before relaxing)
 .debug_str     0x00002b8f      0x6de src\stm32_ub_sdcard.o
                                0xcfb (size before relaxing)
 .debug_str     0x0000326d       0x94 src\stm32_ub_spi2.o
                                0x59e (size before relaxing)
 .debug_str     0x00003301       0x91 src\stm32_ub_usbdisk.o
                                0x297 (size before relaxing)
 .debug_str     0x00003392       0xa6 src\stm32f4xx_it.o
                                0x274 (size before relaxing)
 .debug_str     0x00003438       0x8f src\system_stm32f4xx.o
                                0x407 (size before relaxing)

.comment        0x00000000       0x7c
 .comment       0x00000000       0x7c Libraries\STM32F4xx_StdPeriph_Driver\src\misc.o
                                 0x7d (size before relaxing)
 .comment       0x0000007c       0x7d Libraries\STM32F4xx_StdPeriph_Driver\src\stm32f4xx_gpio.o
 .comment       0x0000007c       0x7d Libraries\STM32F4xx_StdPeriph_Driver\src\stm32f4xx_rcc.o
 .comment       0x0000007c       0x7d Libraries\STM32F4xx_StdPeriph_Driver\src\stm32f4xx_spi.o
 .comment       0x0000007c       0x7d Libraries\STM32F4xx_StdPeriph_Driver\src\stm32f4xx_tim.o
 .comment       0x0000007c       0x7d src\diskio.o
 .comment       0x0000007c       0x7d src\ff.o
 .comment       0x0000007c       0x7d src\main.o
 .comment       0x0000007c       0x7d src\stm32_ub_atadrive.o
 .comment       0x0000007c       0x7d src\stm32_ub_fatfs.o
 .comment       0x0000007c       0x7d src\stm32_ub_lcd_4x20.o
 .comment       0x0000007c       0x7d src\stm32_ub_led.o
 .comment       0x0000007c       0x7d src\stm32_ub_sdcard.o
 .comment       0x0000007c       0x7d src\stm32_ub_spi2.o
 .comment       0x0000007c       0x7d src\stm32_ub_usbdisk.o
 .comment       0x0000007c       0x7d src\stm32f4xx_it.o
 .comment       0x0000007c       0x7d src\system_stm32f4xx.o

.debug_frame    0x00000000     0x3c84
 .debug_frame   0x00000000       0xd8 Libraries\STM32F4xx_StdPeriph_Driver\src\misc.o
 .debug_frame   0x000000d8      0x23c Libraries\STM32F4xx_StdPeriph_Driver\src\stm32f4xx_gpio.o
 .debug_frame   0x00000314      0x6fc Libraries\STM32F4xx_StdPeriph_Driver\src\stm32f4xx_rcc.o
 .debug_frame   0x00000a10      0x3f4 Libraries\STM32F4xx_StdPeriph_Driver\src\stm32f4xx_spi.o
 .debug_frame   0x00000e04      0xe54 Libraries\STM32F4xx_StdPeriph_Driver\src\stm32f4xx_tim.o
 .debug_frame   0x00001c58       0xe4 src\diskio.o
 .debug_frame   0x00001d3c      0x7a8 src\ff.o
 .debug_frame   0x000024e4       0x50 src\main.o
 .debug_frame   0x00002534      0x120 src\stm32_ub_atadrive.o
 .debug_frame   0x00002654      0x1bc src\stm32_ub_fatfs.o
 .debug_frame   0x00002810      0x218 src\stm32_ub_lcd_4x20.o
 .debug_frame   0x00002a28       0xd0 src\stm32_ub_led.o
 .debug_frame   0x00002af8      0x3c4 src\stm32_ub_sdcard.o
 .debug_frame   0x00002ebc       0x58 src\stm32_ub_spi2.o
 .debug_frame   0x00002f14      0x120 src\stm32_ub_usbdisk.o
 .debug_frame   0x00003034      0x110 src\stm32f4xx_it.o
 .debug_frame   0x00003144       0x7c src\system_stm32f4xx.o
 .debug_frame   0x000031c0       0x2c c:/program files (x86)/atollic/truestudio for stm32 9.3.0/armtools/bin/../lib/gcc/arm-atollic-eabi/6.3.1/../../../../arm-atollic-eabi/lib/armv7e-m/fpu\libc.a(lib_a-init.o)
 .debug_frame   0x000031ec       0x70 c:/program files (x86)/atollic/truestudio for stm32 9.3.0/armtools/bin/../lib/gcc/arm-atollic-eabi/6.3.1/../../../../arm-atollic-eabi/lib/armv7e-m/fpu\libc.a(lib_a-sprintf.o)
 .debug_frame   0x0000325c       0x40 c:/program files (x86)/atollic/truestudio for stm32 9.3.0/armtools/bin/../lib/gcc/arm-atollic-eabi/6.3.1/../../../../arm-atollic-eabi/lib/armv7e-m/fpu\libc.a(lib_a-svfprintf.o)
 .debug_frame   0x0000329c       0x6c c:/program files (x86)/atollic/truestudio for stm32 9.3.0/armtools/bin/../lib/gcc/arm-atollic-eabi/6.3.1/../../../../arm-atollic-eabi/lib/armv7e-m/fpu\libc.a(lib_a-dtoa.o)
 .debug_frame   0x00003308       0x40 c:/program files (x86)/atollic/truestudio for stm32 9.3.0/armtools/bin/../lib/gcc/arm-atollic-eabi/6.3.1/../../../../arm-atollic-eabi/lib/armv7e-m/fpu\libc.a(lib_a-localeconv.o)
 .debug_frame   0x00003348       0x30 c:/program files (x86)/atollic/truestudio for stm32 9.3.0/armtools/bin/../lib/gcc/arm-atollic-eabi/6.3.1/../../../../arm-atollic-eabi/lib/armv7e-m/fpu\libc.a(lib_a-malloc.o)
 .debug_frame   0x00003378       0x40 c:/program files (x86)/atollic/truestudio for stm32 9.3.0/armtools/bin/../lib/gcc/arm-atollic-eabi/6.3.1/../../../../arm-atollic-eabi/lib/armv7e-m/fpu\libc.a(lib_a-mallocr.o)
 .debug_frame   0x000033b8       0x28 c:/program files (x86)/atollic/truestudio for stm32 9.3.0/armtools/bin/../lib/gcc/arm-atollic-eabi/6.3.1/../../../../arm-atollic-eabi/lib/armv7e-m/fpu\libc.a(lib_a-memcpy-stub.o)
 .debug_frame   0x000033e0       0x30 c:/program files (x86)/atollic/truestudio for stm32 9.3.0/armtools/bin/../lib/gcc/arm-atollic-eabi/6.3.1/../../../../arm-atollic-eabi/lib/armv7e-m/fpu\libc.a(lib_a-mlock.o)
 .debug_frame   0x00003410      0x240 c:/program files (x86)/atollic/truestudio for stm32 9.3.0/armtools/bin/../lib/gcc/arm-atollic-eabi/6.3.1/../../../../arm-atollic-eabi/lib/armv7e-m/fpu\libc.a(lib_a-mprec.o)
 .debug_frame   0x00003650       0x2c c:/program files (x86)/atollic/truestudio for stm32 9.3.0/armtools/bin/../lib/gcc/arm-atollic-eabi/6.3.1/../../../../arm-atollic-eabi/lib/armv7e-m/fpu\libc.a(lib_a-sbrkr.o)
 .debug_frame   0x0000367c       0x6c c:/program files (x86)/atollic/truestudio for stm32 9.3.0/armtools/bin/../lib/gcc/arm-atollic-eabi/6.3.1/../../../../arm-atollic-eabi/lib/armv7e-m/fpu\libc.a(lib_a-svfiprintf.o)
 .debug_frame   0x000036e8       0x28 c:/program files (x86)/atollic/truestudio for stm32 9.3.0/armtools/bin/../lib/gcc/arm-atollic-eabi/6.3.1/../../../../arm-atollic-eabi/lib/armv7e-m/fpu\libc.a(lib_a-callocr.o)
 .debug_frame   0x00003710       0x60 c:/program files (x86)/atollic/truestudio for stm32 9.3.0/armtools/bin/../lib/gcc/arm-atollic-eabi/6.3.1/../../../../arm-atollic-eabi/lib/armv7e-m/fpu\libc.a(lib_a-freer.o)
 .debug_frame   0x00003770       0x68 c:/program files (x86)/atollic/truestudio for stm32 9.3.0/armtools/bin/../lib/gcc/arm-atollic-eabi/6.3.1/../../../../arm-atollic-eabi/lib/armv7e-m/fpu\libc.a(lib_a-locale.o)
 .debug_frame   0x000037d8       0xb0 c:/program files (x86)/atollic/truestudio for stm32 9.3.0/armtools/bin/../lib/gcc/arm-atollic-eabi/6.3.1/../../../../arm-atollic-eabi/lib/armv7e-m/fpu\libc.a(lib_a-lock.o)
 .debug_frame   0x00003888       0x48 c:/program files (x86)/atollic/truestudio for stm32 9.3.0/armtools/bin/../lib/gcc/arm-atollic-eabi/6.3.1/../../../../arm-atollic-eabi/lib/armv7e-m/fpu\libc.a(lib_a-mbtowc_r.o)
 .debug_frame   0x000038d0       0x28 c:/program files (x86)/atollic/truestudio for stm32 9.3.0/armtools/bin/../lib/gcc/arm-atollic-eabi/6.3.1/../../../../arm-atollic-eabi/lib/armv7e-m/fpu\libc.a(lib_a-memmove.o)
 .debug_frame   0x000038f8       0x20 c:/program files (x86)/atollic/truestudio for stm32 9.3.0/armtools/bin/../lib/gcc/arm-atollic-eabi/6.3.1/../../../../arm-atollic-eabi/lib/armv7e-m/fpu\libc.a(lib_a-memset.o)
 .debug_frame   0x00003918       0x50 c:/program files (x86)/atollic/truestudio for stm32 9.3.0/armtools/bin/../lib/gcc/arm-atollic-eabi/6.3.1/../../../../arm-atollic-eabi/lib/armv7e-m/fpu\libc.a(lib_a-reallocr.o)
 .debug_frame   0x00003968       0x5c c:/program files (x86)/atollic/truestudio for stm32 9.3.0/armtools/bin/../lib/gcc/arm-atollic-eabi/6.3.1/../../../../arm-atollic-eabi/lib/armv7e-m/fpu\libc.a(lib_a-reent.o)
 .debug_frame   0x000039c4       0x3c c:/program files (x86)/atollic/truestudio for stm32 9.3.0/armtools/bin/../lib/gcc/arm-atollic-eabi/6.3.1/../../../../arm-atollic-eabi/lib/armv7e-m/fpu\libc.a(lib_a-wctomb_r.o)
 .debug_frame   0x00003a00       0xac c:/program files (x86)/atollic/truestudio for stm32 9.3.0/armtools/bin/../lib/gcc/arm-atollic-eabi/6.3.1/armv7e-m/fpu\libgcc.a(_arm_addsubdf3.o)
 .debug_frame   0x00003aac       0x50 c:/program files (x86)/atollic/truestudio for stm32 9.3.0/armtools/bin/../lib/gcc/arm-atollic-eabi/6.3.1/armv7e-m/fpu\libgcc.a(_arm_muldivdf3.o)
 .debug_frame   0x00003afc       0xc4 c:/program files (x86)/atollic/truestudio for stm32 9.3.0/armtools/bin/../lib/gcc/arm-atollic-eabi/6.3.1/armv7e-m/fpu\libgcc.a(_arm_cmpdf2.o)
 .debug_frame   0x00003bc0       0x20 c:/program files (x86)/atollic/truestudio for stm32 9.3.0/armtools/bin/../lib/gcc/arm-atollic-eabi/6.3.1/armv7e-m/fpu\libgcc.a(_arm_unorddf2.o)
 .debug_frame   0x00003be0       0x24 c:/program files (x86)/atollic/truestudio for stm32 9.3.0/armtools/bin/../lib/gcc/arm-atollic-eabi/6.3.1/armv7e-m/fpu\libgcc.a(_arm_fixdfsi.o)
 .debug_frame   0x00003c04       0x2c c:/program files (x86)/atollic/truestudio for stm32 9.3.0/armtools/bin/../lib/gcc/arm-atollic-eabi/6.3.1/armv7e-m/fpu\libgcc.a(_aeabi_uldivmod.o)
 .debug_frame   0x00003c30       0x34 c:/program files (x86)/atollic/truestudio for stm32 9.3.0/armtools/bin/../lib/gcc/arm-atollic-eabi/6.3.1/armv7e-m/fpu\libgcc.a(_udivmoddi4.o)
 .debug_frame   0x00003c64       0x20 c:/program files (x86)/atollic/truestudio for stm32 9.3.0/armtools/bin/../lib/gcc/arm-atollic-eabi/6.3.1/../../../../arm-atollic-eabi/lib/armv7e-m/fpu\libnosys.a(sbrk.o)

Cross Reference Table

Symbol                                            File
ADC_AnalogWatchdogCmd                             Libraries\STM32F4xx_StdPeriph_Driver\src\stm32f4xx_adc.o
ADC_AnalogWatchdogSingleChannelConfig             Libraries\STM32F4xx_StdPeriph_Driver\src\stm32f4xx_adc.o
ADC_AnalogWatchdogThresholdsConfig                Libraries\STM32F4xx_StdPeriph_Driver\src\stm32f4xx_adc.o
ADC_AutoInjectedConvCmd                           Libraries\STM32F4xx_StdPeriph_Driver\src\stm32f4xx_adc.o
ADC_ClearFlag                                     Libraries\STM32F4xx_StdPeriph_Driver\src\stm32f4xx_adc.o
ADC_ClearITPendingBit                             Libraries\STM32F4xx_StdPeriph_Driver\src\stm32f4xx_adc.o
ADC_Cmd                                           Libraries\STM32F4xx_StdPeriph_Driver\src\stm32f4xx_adc.o
ADC_CommonInit                                    Libraries\STM32F4xx_StdPeriph_Driver\src\stm32f4xx_adc.o
ADC_CommonStructInit                              Libraries\STM32F4xx_StdPeriph_Driver\src\stm32f4xx_adc.o
ADC_ContinuousModeCmd                             Libraries\STM32F4xx_StdPeriph_Driver\src\stm32f4xx_adc.o
ADC_DMACmd                                        Libraries\STM32F4xx_StdPeriph_Driver\src\stm32f4xx_adc.o
ADC_DMARequestAfterLastTransferCmd                Libraries\STM32F4xx_StdPeriph_Driver\src\stm32f4xx_adc.o
ADC_DeInit                                        Libraries\STM32F4xx_StdPeriph_Driver\src\stm32f4xx_adc.o
ADC_DiscModeChannelCountConfig                    Libraries\STM32F4xx_StdPeriph_Driver\src\stm32f4xx_adc.o
ADC_DiscModeCmd                                   Libraries\STM32F4xx_StdPeriph_Driver\src\stm32f4xx_adc.o
ADC_EOCOnEachRegularChannelCmd                    Libraries\STM32F4xx_StdPeriph_Driver\src\stm32f4xx_adc.o
ADC_ExternalTrigInjectedConvConfig                Libraries\STM32F4xx_StdPeriph_Driver\src\stm32f4xx_adc.o
ADC_ExternalTrigInjectedConvEdgeConfig            Libraries\STM32F4xx_StdPeriph_Driver\src\stm32f4xx_adc.o
ADC_GetConversionValue                            Libraries\STM32F4xx_StdPeriph_Driver\src\stm32f4xx_adc.o
ADC_GetFlagStatus                                 Libraries\STM32F4xx_StdPeriph_Driver\src\stm32f4xx_adc.o
ADC_GetITStatus                                   Libraries\STM32F4xx_StdPeriph_Driver\src\stm32f4xx_adc.o
ADC_GetInjectedConversionValue                    Libraries\STM32F4xx_StdPeriph_Driver\src\stm32f4xx_adc.o
ADC_GetMultiModeConversionValue                   Libraries\STM32F4xx_StdPeriph_Driver\src\stm32f4xx_adc.o
ADC_GetSoftwareStartConvStatus                    Libraries\STM32F4xx_StdPeriph_Driver\src\stm32f4xx_adc.o
ADC_GetSoftwareStartInjectedConvCmdStatus         Libraries\STM32F4xx_StdPeriph_Driver\src\stm32f4xx_adc.o
ADC_IRQHandler                                    src\startup_stm32f40xx.o
ADC_ITConfig                                      Libraries\STM32F4xx_StdPeriph_Driver\src\stm32f4xx_adc.o
ADC_Init                                          Libraries\STM32F4xx_StdPeriph_Driver\src\stm32f4xx_adc.o
ADC_InjectedChannelConfig                         Libraries\STM32F4xx_StdPeriph_Driver\src\stm32f4xx_adc.o
ADC_InjectedDiscModeCmd                           Libraries\STM32F4xx_StdPeriph_Driver\src\stm32f4xx_adc.o
ADC_InjectedSequencerLengthConfig                 Libraries\STM32F4xx_StdPeriph_Driver\src\stm32f4xx_adc.o
ADC_MultiModeDMARequestAfterLastTransferCmd       Libraries\STM32F4xx_StdPeriph_Driver\src\stm32f4xx_adc.o
ADC_RegularChannelConfig                          Libraries\STM32F4xx_StdPeriph_Driver\src\stm32f4xx_adc.o
ADC_SetInjectedOffset                             Libraries\STM32F4xx_StdPeriph_Driver\src\stm32f4xx_adc.o
ADC_SoftwareStartConv                             Libraries\STM32F4xx_StdPeriph_Driver\src\stm32f4xx_adc.o
ADC_SoftwareStartInjectedConv                     Libraries\STM32F4xx_StdPeriph_Driver\src\stm32f4xx_adc.o
ADC_StructInit                                    Libraries\STM32F4xx_StdPeriph_Driver\src\stm32f4xx_adc.o
ADC_TempSensorVrefintCmd                          Libraries\STM32F4xx_StdPeriph_Driver\src\stm32f4xx_adc.o
ADC_VBATCmd                                       Libraries\STM32F4xx_StdPeriph_Driver\src\stm32f4xx_adc.o
AHBPrescTable                                     src\system_stm32f4xx.o
ATA_disk_initialize                               src\stm32_ub_atadrive.o
                                                  src\diskio.o
ATA_disk_ioctl                                    src\stm32_ub_atadrive.o
                                                  src\diskio.o
ATA_disk_read                                     src\stm32_ub_atadrive.o
                                                  src\diskio.o
ATA_disk_status                                   src\stm32_ub_atadrive.o
                                                  src\diskio.o
ATA_disk_write                                    src\stm32_ub_atadrive.o
                                                  src\diskio.o
Anda                                              src\main.o
BusFault_Handler                                  src\stm32f4xx_it.o
                                                  src\startup_stm32f40xx.o
CAN1_RX0_IRQHandler                               src\startup_stm32f40xx.o
CAN1_RX1_IRQHandler                               src\startup_stm32f40xx.o
CAN1_SCE_IRQHandler                               src\startup_stm32f40xx.o
CAN1_TX_IRQHandler                                src\startup_stm32f40xx.o
CAN2_RX0_IRQHandler                               src\startup_stm32f40xx.o
CAN2_RX1_IRQHandler                               src\startup_stm32f40xx.o
CAN2_SCE_IRQHandler                               src\startup_stm32f40xx.o
CAN2_TX_IRQHandler                                src\startup_stm32f40xx.o
CAN_CancelTransmit                                Libraries\STM32F4xx_StdPeriph_Driver\src\stm32f4xx_can.o
CAN_ClearFlag                                     Libraries\STM32F4xx_StdPeriph_Driver\src\stm32f4xx_can.o
CAN_ClearITPendingBit                             Libraries\STM32F4xx_StdPeriph_Driver\src\stm32f4xx_can.o
CAN_DBGFreeze                                     Libraries\STM32F4xx_StdPeriph_Driver\src\stm32f4xx_can.o
CAN_DeInit                                        Libraries\STM32F4xx_StdPeriph_Driver\src\stm32f4xx_can.o
CAN_FIFORelease                                   Libraries\STM32F4xx_StdPeriph_Driver\src\stm32f4xx_can.o
CAN_FilterInit                                    Libraries\STM32F4xx_StdPeriph_Driver\src\stm32f4xx_can.o
CAN_GetFlagStatus                                 Libraries\STM32F4xx_StdPeriph_Driver\src\stm32f4xx_can.o
CAN_GetITStatus                                   Libraries\STM32F4xx_StdPeriph_Driver\src\stm32f4xx_can.o
CAN_GetLSBTransmitErrorCounter                    Libraries\STM32F4xx_StdPeriph_Driver\src\stm32f4xx_can.o
CAN_GetLastErrorCode                              Libraries\STM32F4xx_StdPeriph_Driver\src\stm32f4xx_can.o
CAN_GetReceiveErrorCounter                        Libraries\STM32F4xx_StdPeriph_Driver\src\stm32f4xx_can.o
CAN_ITConfig                                      Libraries\STM32F4xx_StdPeriph_Driver\src\stm32f4xx_can.o
CAN_Init                                          Libraries\STM32F4xx_StdPeriph_Driver\src\stm32f4xx_can.o
CAN_MessagePending                                Libraries\STM32F4xx_StdPeriph_Driver\src\stm32f4xx_can.o
CAN_OperatingModeRequest                          Libraries\STM32F4xx_StdPeriph_Driver\src\stm32f4xx_can.o
CAN_Receive                                       Libraries\STM32F4xx_StdPeriph_Driver\src\stm32f4xx_can.o
CAN_SlaveStartBank                                Libraries\STM32F4xx_StdPeriph_Driver\src\stm32f4xx_can.o
CAN_Sleep                                         Libraries\STM32F4xx_StdPeriph_Driver\src\stm32f4xx_can.o
CAN_StructInit                                    Libraries\STM32F4xx_StdPeriph_Driver\src\stm32f4xx_can.o
CAN_TTComModeCmd                                  Libraries\STM32F4xx_StdPeriph_Driver\src\stm32f4xx_can.o
CAN_Transmit                                      Libraries\STM32F4xx_StdPeriph_Driver\src\stm32f4xx_can.o
CAN_TransmitStatus                                Libraries\STM32F4xx_StdPeriph_Driver\src\stm32f4xx_can.o
CAN_WakeUp                                        Libraries\STM32F4xx_StdPeriph_Driver\src\stm32f4xx_can.o
CRC_CalcBlockCRC                                  Libraries\STM32F4xx_StdPeriph_Driver\src\stm32f4xx_crc.o
CRC_CalcCRC                                       Libraries\STM32F4xx_StdPeriph_Driver\src\stm32f4xx_crc.o
CRC_GetCRC                                        Libraries\STM32F4xx_StdPeriph_Driver\src\stm32f4xx_crc.o
CRC_GetIDRegister                                 Libraries\STM32F4xx_StdPeriph_Driver\src\stm32f4xx_crc.o
CRC_ResetDR                                       Libraries\STM32F4xx_StdPeriph_Driver\src\stm32f4xx_crc.o
CRC_SetIDRegister                                 Libraries\STM32F4xx_StdPeriph_Driver\src\stm32f4xx_crc.o
CRYP_AES_CBC                                      Libraries\STM32F4xx_StdPeriph_Driver\src\stm32f4xx_cryp_aes.o
CRYP_AES_CCM                                      Libraries\STM32F4xx_StdPeriph_Driver\src\stm32f4xx_cryp_aes.o
CRYP_AES_CTR                                      Libraries\STM32F4xx_StdPeriph_Driver\src\stm32f4xx_cryp_aes.o
CRYP_AES_ECB                                      Libraries\STM32F4xx_StdPeriph_Driver\src\stm32f4xx_cryp_aes.o
CRYP_AES_GCM                                      Libraries\STM32F4xx_StdPeriph_Driver\src\stm32f4xx_cryp_aes.o
CRYP_Cmd                                          Libraries\STM32F4xx_StdPeriph_Driver\src\stm32f4xx_cryp.o
                                                  Libraries\STM32F4xx_StdPeriph_Driver\src\stm32f4xx_cryp_tdes.o
                                                  Libraries\STM32F4xx_StdPeriph_Driver\src\stm32f4xx_cryp_des.o
                                                  Libraries\STM32F4xx_StdPeriph_Driver\src\stm32f4xx_cryp_aes.o
CRYP_DES_CBC                                      Libraries\STM32F4xx_StdPeriph_Driver\src\stm32f4xx_cryp_des.o
CRYP_DES_ECB                                      Libraries\STM32F4xx_StdPeriph_Driver\src\stm32f4xx_cryp_des.o
CRYP_DMACmd                                       Libraries\STM32F4xx_StdPeriph_Driver\src\stm32f4xx_cryp.o
CRYP_DataIn                                       Libraries\STM32F4xx_StdPeriph_Driver\src\stm32f4xx_cryp.o
                                                  Libraries\STM32F4xx_StdPeriph_Driver\src\stm32f4xx_cryp_tdes.o
                                                  Libraries\STM32F4xx_StdPeriph_Driver\src\stm32f4xx_cryp_des.o
                                                  Libraries\STM32F4xx_StdPeriph_Driver\src\stm32f4xx_cryp_aes.o
CRYP_DataOut                                      Libraries\STM32F4xx_StdPeriph_Driver\src\stm32f4xx_cryp.o
                                                  Libraries\STM32F4xx_StdPeriph_Driver\src\stm32f4xx_cryp_tdes.o
                                                  Libraries\STM32F4xx_StdPeriph_Driver\src\stm32f4xx_cryp_des.o
                                                  Libraries\STM32F4xx_StdPeriph_Driver\src\stm32f4xx_cryp_aes.o
CRYP_DeInit                                       Libraries\STM32F4xx_StdPeriph_Driver\src\stm32f4xx_cryp.o
CRYP_FIFOFlush                                    Libraries\STM32F4xx_StdPeriph_Driver\src\stm32f4xx_cryp.o
                                                  Libraries\STM32F4xx_StdPeriph_Driver\src\stm32f4xx_cryp_tdes.o
                                                  Libraries\STM32F4xx_StdPeriph_Driver\src\stm32f4xx_cryp_des.o
                                                  Libraries\STM32F4xx_StdPeriph_Driver\src\stm32f4xx_cryp_aes.o
CRYP_GetCmdStatus                                 Libraries\STM32F4xx_StdPeriph_Driver\src\stm32f4xx_cryp.o
                                                  Libraries\STM32F4xx_StdPeriph_Driver\src\stm32f4xx_cryp_tdes.o
                                                  Libraries\STM32F4xx_StdPeriph_Driver\src\stm32f4xx_cryp_des.o
                                                  Libraries\STM32F4xx_StdPeriph_Driver\src\stm32f4xx_cryp_aes.o
CRYP_GetFlagStatus                                Libraries\STM32F4xx_StdPeriph_Driver\src\stm32f4xx_cryp.o
                                                  Libraries\STM32F4xx_StdPeriph_Driver\src\stm32f4xx_cryp_tdes.o
                                                  Libraries\STM32F4xx_StdPeriph_Driver\src\stm32f4xx_cryp_des.o
                                                  Libraries\STM32F4xx_StdPeriph_Driver\src\stm32f4xx_cryp_aes.o
CRYP_GetITStatus                                  Libraries\STM32F4xx_StdPeriph_Driver\src\stm32f4xx_cryp.o
CRYP_IRQHandler                                   src\startup_stm32f40xx.o