stm32_ub_sdcard.c:89:6:UB_SDCard_Init	8	static
stm32_ub_sdcard.c:108:9:UB_SDCard_CheckMedia	16	static
stm32_ub_sdcard.c:121:9:MMC_disk_initialize	24	static
stm32_ub_sdcard.c:175:9:MMC_disk_status	4	static
stm32_ub_sdcard.c:187:9:MMC_disk_read	24	static
stm32_ub_sdcard.c:220:9:MMC_disk_write	24	static
stm32_ub_sdcard.c:256:9:MMC_disk_ioctl	56	static
stm32_ub_sdcard.c:334:6:init_gpio	16	static
stm32_ub_sdcard.c:366:6:init_tim	24	static
stm32_ub_sdcard.c:389:6:init_nvic	16	static
stm32_ub_sdcard.c:411:6:init_spi	16	static
stm32_ub_sdcard.c:433:6:CS_HIGH	4	static
stm32_ub_sdcard.c:443:6:CS_LOW	4	static
stm32_ub_sdcard.c:453:6:FCLK_SLOW	16	static
stm32_ub_sdcard.c:467:6:FCLK_FAST	16	static
stm32_ub_sdcard.c:483:9:SD_Detect	16	static
stm32_ub_sdcard.c:502:13:xchg_spi	24	static
stm32_ub_sdcard.c:516:13:rcvr_spi_multi	24	static
stm32_ub_sdcard.c:535:13:xmit_spi_multi	24	static
stm32_ub_sdcard.c:554:12:wait_ready	24	static
stm32_ub_sdcard.c:571:13:deselect	8	static
stm32_ub_sdcard.c:582:12:select	8	static
stm32_ub_sdcard.c:599:12:rcvr_datablock	24	static
stm32_ub_sdcard.c:624:12:xmit_datablock	24	static
stm32_ub_sdcard.c:649:13:send_cmd	24	static
stm32_ub_sdcard.c:692:6:disk_timerproc	16	static
stm32_ub_sdcard.c:718:6:TIM6_DAC_IRQHandler	8	static
