stm32_ub_lcd_2x16.c:69:6:UB_LCD_2x16_Init	8	static
stm32_ub_lcd_2x16.c:92:6:UB_LCD_2x16_Clear	8	static
stm32_ub_lcd_2x16.c:105:6:UB_LCD_2x16_SetMode	16	static
stm32_ub_lcd_2x16.c:119:6:UB_LCD_2x16_String	16	static
stm32_ub_lcd_2x16.c:135:6:P_LCD_2x16_InitIO	24	static
stm32_ub_lcd_2x16.c:167:6:P_LCD_2x16_PinLo	16	static
stm32_ub_lcd_2x16.c:177:6:P_LCD_2x16_PinHi	16	static
stm32_ub_lcd_2x16.c:187:6:P_LCD_2x16_Clk	8	static
stm32_ub_lcd_2x16.c:204:6:P_LCD_2x16_InitSequenz	8	static
stm32_ub_lcd_2x16.c:234:6:P_LCD_2x16_Cmd	16	static
stm32_ub_lcd_2x16.c:257:6:P_LCD_2x16_Data	16	static
stm32_ub_lcd_2x16.c:280:6:P_LCD_2x16_Cursor	24	static
stm32_ub_lcd_2x16.c:297:6:P_LCD_2x16_Delay	16	static
